Component: ARM Compiler 5.06 update 7 (build 960) Tool: armlink [4d3601]

==============================================================================

Section Cross References

    startup_stm32f746xx.o(RESET) refers to startup_stm32f746xx.o(STACK) for __initial_sp
    startup_stm32f746xx.o(RESET) refers to startup_stm32f746xx.o(.text) for Reset_Handler
    startup_stm32f746xx.o(RESET) refers to stm32f7xx_it.o(i.NMI_Handler) for NMI_Handler
    startup_stm32f746xx.o(RESET) refers to stm32f7xx_it.o(i.HardFault_Handler) for HardFault_Handler
    startup_stm32f746xx.o(RESET) refers to stm32f7xx_it.o(i.MemManage_Handler) for MemManage_Handler
    startup_stm32f746xx.o(RESET) refers to stm32f7xx_it.o(i.BusFault_Handler) for BusFault_Handler
    startup_stm32f746xx.o(RESET) refers to stm32f7xx_it.o(i.UsageFault_Handler) for UsageFault_Handler
    startup_stm32f746xx.o(RESET) refers to stm32f7xx_it.o(i.SVC_Handler) for SVC_Handler
    startup_stm32f746xx.o(RESET) refers to stm32f7xx_it.o(i.DebugMon_Handler) for DebugMon_Handler
    startup_stm32f746xx.o(RESET) refers to stm32f7xx_it.o(i.PendSV_Handler) for PendSV_Handler
    startup_stm32f746xx.o(RESET) refers to stm32f7xx_it.o(i.SysTick_Handler) for SysTick_Handler
    startup_stm32f746xx.o(RESET) refers to stm32f7xx_it.o(i.TIM6_DAC_IRQHandler) for TIM6_DAC_IRQHandler
    startup_stm32f746xx.o(RESET) refers to stm32f7xx_it.o(i.DMA2_Stream1_IRQHandler) for DMA2_Stream1_IRQHandler
    startup_stm32f746xx.o(RESET) refers to stm32f7xx_it.o(i.DCMI_IRQHandler) for DCMI_IRQHandler
    startup_stm32f746xx.o(RESET) refers to stm32f7xx_it.o(i.LTDC_IRQHandler) for LTDC_IRQHandler
    startup_stm32f746xx.o(RESET) refers to stm32f7xx_it.o(i.LTDC_ER_IRQHandler) for LTDC_ER_IRQHandler
    startup_stm32f746xx.o(.text) refers to system_stm32f7xx.o(i.SystemInit) for SystemInit
    startup_stm32f746xx.o(.text) refers to entry.o(.ARM.Collect$$$$00000000) for __main
    network.o(i.ai_network_create) refers to ai_platform_interface.o(i.ai_platform_network_create) for ai_platform_network_create
    network.o(i.ai_network_create) refers to network.o(.data) for g_network
    network.o(i.ai_network_create_and_init) refers to network.o(i.ai_network_create) for ai_network_create
    network.o(i.ai_network_create_and_init) refers to network_data.o(i.ai_network_data_params_get) for ai_network_data_params_get
    network.o(i.ai_network_create_and_init) refers to network.o(i.ai_network_get_error) for ai_network_get_error
    network.o(i.ai_network_create_and_init) refers to ai_platform.o(i.ai_buffer_array_item_set_address) for ai_buffer_array_item_set_address
    network.o(i.ai_network_create_and_init) refers to network.o(i.ai_network_init) for ai_network_init
    network.o(i.ai_network_destroy) refers to ai_platform_interface.o(i.ai_platform_network_destroy) for ai_platform_network_destroy
    network.o(i.ai_network_forward) refers to ai_platform_interface.o(i.ai_platform_network_process) for ai_platform_network_process
    network.o(i.ai_network_get_error) refers to ai_platform_interface.o(i.ai_platform_network_get_error) for ai_platform_network_get_error
    network.o(i.ai_network_get_info) refers to ai_platform_interface.o(i.ai_platform_context_acquire) for ai_platform_context_acquire
    network.o(i.ai_network_get_info) refers to memcpya.o(.text) for __aeabi_memcpy4
    network.o(i.ai_network_get_info) refers to ai_platform_interface.o(i.ai_platform_runtime_get_revision) for ai_platform_runtime_get_revision
    network.o(i.ai_network_get_info) refers to ai_platform_interface.o(i.ai_platform_runtime_get_version) for ai_platform_runtime_get_version
    network.o(i.ai_network_get_info) refers to ai_platform_interface.o(i.ai_platform_api_get_version) for ai_platform_api_get_version
    network.o(i.ai_network_get_info) refers to ai_platform_interface.o(i.ai_platform_interface_api_get_version) for ai_platform_interface_api_get_version
    network.o(i.ai_network_get_info) refers to ai_platform_interface.o(i.ai_platform_api_get_network_report) for ai_platform_api_get_network_report
    network.o(i.ai_network_get_info) refers to network.o(.constdata) for .constdata
    network.o(i.ai_network_get_report) refers to ai_platform_interface.o(i.ai_platform_context_acquire) for ai_platform_context_acquire
    network.o(i.ai_network_get_report) refers to memcpya.o(.text) for __aeabi_memcpy4
    network.o(i.ai_network_get_report) refers to ai_platform_interface.o(i.ai_platform_runtime_get_revision) for ai_platform_runtime_get_revision
    network.o(i.ai_network_get_report) refers to ai_platform_interface.o(i.ai_platform_runtime_get_version) for ai_platform_runtime_get_version
    network.o(i.ai_network_get_report) refers to ai_platform_interface.o(i.ai_platform_api_get_version) for ai_platform_api_get_version
    network.o(i.ai_network_get_report) refers to ai_platform_interface.o(i.ai_platform_interface_api_get_version) for ai_platform_interface_api_get_version
[...]
    ai_network_inputs_get                    0x0800b6d5   Thumb Code    24  network.o(i.ai_network_inputs_get)
    ai_network_outputs_get                   0x0800b6f5   Thumb Code    24  network.o(i.ai_network_outputs_get)
    ai_network_run                           0x0800b715   Thumb Code    20  network.o(i.ai_network_run)
    ai_padding_opt_init                      0x0800b729   Thumb Code   174  st_padding_opt.o(i.ai_padding_opt_init)
    ai_padding_opt_phase1                    0x0800b7d7   Thumb Code    48  st_padding_opt.o(i.ai_padding_opt_phase1)
    ai_platform_bind_network_params          0x0800b82d   Thumb Code    38  ai_platform_interface.o(i.ai_platform_bind_network_params)
    ai_platform_context_acquire              0x0800b859   Thumb Code    24  ai_platform_interface.o(i.ai_platform_context_acquire)
    ai_platform_get_activations_map          0x0800b875   Thumb Code    38  ai_platform_interface.o(i.ai_platform_get_activations_map)
    ai_platform_get_weights_map              0x0800b8a1   Thumb Code    36  ai_platform_interface.o(i.ai_platform_get_weights_map)
    ai_platform_inputs_get                   0x0800b8c9   Thumb Code    66  ai_platform_interface.o(i.ai_platform_inputs_get)
    ai_platform_interface_api_get_version    0x0800b90d   Thumb Code    14  ai_platform_interface.o(i.ai_platform_interface_api_get_version)
    ai_platform_network_create               0x0800b921   Thumb Code   168  ai_platform_interface.o(i.ai_platform_network_create)
    ai_platform_network_get_error            0x0800b9d5   Thumb Code    24  ai_platform_interface.o(i.ai_platform_network_get_error)
    ai_platform_network_init                 0x0800b9f1   Thumb Code   256  ai_platform_interface.o(i.ai_platform_network_init)
    ai_platform_network_post_init            0x0800bafd   Thumb Code    70  ai_platform_interface.o(i.ai_platform_network_post_init)
    ai_platform_network_process              0x0800bb43   Thumb Code    84  ai_platform_interface.o(i.ai_platform_network_process)
    ai_platform_network_set_error            0x0800bb97   Thumb Code    12  ai_platform_interface.o(i.ai_platform_network_set_error)
    ai_platform_outputs_get                  0x0800bba3   Thumb Code    72  ai_platform_interface.o(i.ai_platform_outputs_get)
    ai_sum_buffer_INT8                       0x0800bcb9   Thumb Code  1340  ai_math_helpers.o(i.ai_sum_buffer_INT8)
    ai_sum_f32                               0x0800c1f5   Thumb Code    18  ai_math_helpers.o(i.ai_sum_f32)
    ai_version_get                           0x0800c207   Thumb Code    12  ai_datatypes_internal.o(i.ai_version_get)
    align_factor_ch                          0x0800c215   Thumb Code   192  st_convolve_reference.o(i.align_factor_ch)
    arm_fill_q15                             0x0800c319   Thumb Code    48  arm_fill_q15.o(i.arm_fill_q15)
    arm_float_to_q15                         0x0800c349   Thumb Code   236  arm_float_to_q15.o(i.arm_float_to_q15)
    arm_float_to_q7                          0x0800c439   Thumb Code   248  arm_float_to_q7.o(i.arm_float_to_q7)
    arm_q15_to_float                         0x0800c535   Thumb Code   136  arm_q15_to_float.o(i.arm_q15_to_float)
    arm_q7_to_float                          0x0800c5c1   Thumb Code   136  arm_q7_to_float.o(i.arm_q7_to_float)
    core_array_clone                         0x0800c64d   Thumb Code    10  core_utils.o(i.core_array_clone)
    core_compute_offsets                     0x0800c659   Thumb Code   322  core_utils.o(i.core_compute_offsets)
    core_compute_offsets_in_bytes            0x0800c7a1   Thumb Code    92  core_utils.o(i.core_compute_offsets_in_bytes)
    core_get_broadcasted_shape               0x0800c7fd   Thumb Code    96  core_utils.o(i.core_get_broadcasted_shape)
    core_get_error                           0x0800c85d   Thumb Code    12  core_common.o(i.core_get_error)
    core_init                                0x0800c869   Thumb Code     4  core_common.o(i.core_init)
    core_set_error                           0x0800c8c7   Thumb Code    26  core_common.o(i.core_set_error)
    core_tensor_clone                        0x0800c8e1   Thumb Code    92  core_utils.o(i.core_tensor_clone)
    forward_concat                           0x0800c93d   Thumb Code  1142  layers_generic_float.o(i.forward_concat)
    forward_conv2d_deep_sssa8_ch             0x0800cdb5   Thumb Code   706  layers_conv2d_sssa8_ch.o(i.forward_conv2d_deep_sssa8_ch)
    forward_conv2d_deep_sssa8_ch_nl_pool     0x0800d081   Thumb Code  1310  layers_conv2d_sssa8_ch.o(i.forward_conv2d_deep_sssa8_ch_nl_pool)
    forward_conv2d_rgb_sssa8_ch              0x0800d5a1   Thumb Code   582  layers_conv2d_rgb_sssa8_ch.o(i.forward_conv2d_rgb_sssa8_ch)
    forward_conv2d_sssa8_ch                  0x0800d7f1   Thumb Code   634  layers_conv2d_sssa8_ch.o(i.forward_conv2d_sssa8_ch)
    forward_dw_3x3_sssa8_ch                  0x0800da75   Thumb Code   600  layers_dw_sssa8_ch.o(i.forward_dw_3x3_sssa8_ch)
    forward_eltwise_integer_INT8             0x0800dcd5   Thumb Code   854  layers_stm32_integer.o(i.forward_eltwise_integer_INT8)
    forward_lite_conv2d_deep_sssa8_ch        0x0800e039   Thumb Code   276  forward_lite_conv2d_sssa8_ch.o(i.forward_lite_conv2d_deep_sssa8_ch)
    forward_lite_conv2d_rgb_sssa8_ch         0x0800e14d   Thumb Code   822  forward_lite_conv2d_sssa8_ch.o(i.forward_lite_conv2d_rgb_sssa8_ch)
    forward_lite_conv2d_sssa8_ch             0x0800e485   Thumb Code  1572  forward_lite_conv2d_sssa8_ch.o(i.forward_lite_conv2d_sssa8_ch)
    forward_lite_dw_3x3_sssa8_ch             0x0800eaa9   Thumb Code  1692  forward_lite_dw_sssa8_ch.o(i.forward_lite_dw_3x3_sssa8_ch)
    forward_lite_node_convert_integer_is8ou8 0x0800f145   Thumb Code    74  forward_lite_convert.o(i.forward_lite_node_convert_integer_is8ou8)
    forward_lite_node_convert_integer_is8ou8_fast 0x0800f191   Thumb Code    90  forward_lite_convert.o(i.forward_lite_node_convert_integer_is8ou8_fast)
    forward_lite_node_convert_integer_iu8os8 0x0800f1ed   Thumb Code    90  forward_lite_convert.o(i.forward_lite_node_convert_integer_iu8os8)
    forward_lite_node_convert_integer_iu8os8_fast 0x0800f24d   Thumb Code    98  forward_lite_convert.o(i.forward_lite_node_convert_integer_iu8os8_fast)
    forward_lite_node_convert_integer_iu8ou8 0x0800f2af   Thumb Code    74  forward_lite_convert.o(i.forward_lite_node_convert_integer_iu8ou8)
    forward_lite_pw_sssa8_ch                 0x0800f2f9   Thumb Code   226  forward_lite_pw_sssa8_ch.o(i.forward_lite_pw_sssa8_ch)
    forward_mp_integer_INT8                  0x0800f3db   Thumb Code   176  layers_pool_stm32_integer.o(i.forward_mp_integer_INT8)
    forward_pad                              0x0800f48b   Thumb Code   850  layers_generic_float.o(i.forward_pad)
    forward_pw_sssa8_ch                      0x0800f7dd   Thumb Code   642  layers_pw_sssa8_ch.o(i.forward_pw_sssa8_ch)
    forward_sm                               0x0800fa69   Thumb Code   112  layers_nl_generic_float.o(i.forward_sm)
    fputc                                    0x0800fad9   Thumb Code    22  main.o(i.fputc)
    get_tensor_byte_size                     0x0800fafd   Thumb Code    34  ai_datatypes_internal.o(i.get_tensor_byte_size)
    main                                     0x0800fb75   Thumb Code   654  main.o(i.main)
    nl_func_array_integer                    0x08011da9   Thumb Code    58  layers_nl_stm32_integer.o(i.nl_func_array_integer)
    node_convert                             0x08011de5   Thumb Code   318  core_convert.o(i.node_convert)
    node_convert_integer                     0x08011f25   Thumb Code   496  core_convert.o(i.node_convert_integer)
    ov9655_Config                            0x0801211d   Thumb Code   202  ov9655.o(i.ov9655_Config)
    ov9655_Init                              0x080122e9   Thumb Code   164  ov9655.o(i.ov9655_Init)
    ov9655_ReadID                            0x08012399   Thumb Code    18  ov9655.o(i.ov9655_ReadID)
    pool_func_ap_array_integer_INT8          0x080123ad   Thumb Code   206  layers_pool_stm32_integer.o(i.pool_func_ap_array_integer_INT8)
    pool_func_mp_array_integer_INT8          0x08012481   Thumb Code   206  layers_pool_stm32_integer.o(i.pool_func_mp_array_integer_INT8)
    resizeFace                               0x08012b81   Thumb Code   462  main.o(i.resizeFace)
    sigmoid                                  0x08012d59   Thumb Code    48  main.o(i.sigmoid)
    st_dw_sssa8_ch_Wadapt                    0x08012d89   Thumb Code   262  forward_lite_dw_sssa8_ch.o(i.st_dw_sssa8_ch_Wadapt)
    st_int8_avepool                          0x08012e91   Thumb Code   344  st_int8_pool.o(i.st_int8_avepool)
    st_int8_copy                             0x08012fed   Thumb Code   330  st_int8_fill.o(i.st_int8_copy)
    st_int8_fill                             0x08013137   Thumb Code   144  st_int8_fill.o(i.st_int8_fill)
    st_int8_maxpool                          0x080131c9   Thumb Code   658  st_int8_pool.o(i.st_int8_maxpool)
    st_int8_to16_dual                        0x08013461   Thumb Code   592  st_int8_to16_no_shift.o(i.st_int8_to16_dual)
    st_int8_to16_dual_interleaved            0x080136b1   Thumb Code   446  st_int8_to16_no_shift.o(i.st_int8_to16_dual_interleaved)
    st_int8_to16_no_shift                    0x0801386f   Thumb Code   234  st_int8_to16_no_shift.o(i.st_int8_to16_no_shift)
    st_int8_to16_no_shift_interleaved        0x08013959   Thumb Code   162  st_int8_to16_no_shift.o(i.st_int8_to16_no_shift_interleaved)
    st_sssa8_ch_convolve_rank1upd            0x080139fd   Thumb Code   168  st_sssa8_ch_convolve.o(i.st_sssa8_ch_convolve_rank1upd)
    st_sssa8_ch_fullW_prefetch               0x08013aa5   Thumb Code    86  st_sssa8_ch_nn_mat_mult_nt_t.o(i.st_sssa8_ch_fullW_prefetch)
    st_sssa8_ch_nn_mat_mult_conv2d_nt_t      0x08013afd   Thumb Code  2268  st_sssa8_ch_nn_mat_mult_nt_t.o(i.st_sssa8_ch_nn_mat_mult_conv2d_nt_t)
    st_sssa8_ch_nn_mat_mult_kernel_opt       0x080143d9   Thumb Code  1294  st_sssa8_ch_nn_mat_mult_kernel_opt.o(i.st_sssa8_ch_nn_mat_mult_kernel_opt)
    st_sssa8_ch_nn_mat_mult_kernel_single_opt 0x080148e9   Thumb Code   894  st_sssa8_ch_nn_mat_mult_kernel_opt.o(i.st_sssa8_ch_nn_mat_mult_kernel_single_opt)
    st_sssa8_ch_nn_mat_mult_nt_t             0x08014c67   Thumb Code  1868  st_sssa8_ch_nn_mat_mult_nt_t.o(i.st_sssa8_ch_nn_mat_mult_nt_t)
    weights_2channels_prefetch               0x080153b5   Thumb Code   400  st_sssa8_ch_nn_mat_mult_nt_t.o(i.weights_2channels_prefetch)
    weights_offset_contribution_calc         0x08015545   Thumb Code   138  st_sssa8_ch_nn_mat_mult_nt_t.o(i.weights_offset_contribution_calc)
    s_network_weights_array_u64              0x08017cc0   Data       11304  network_data_params.o(.constdata)
    s_network_1_weights_array_u64            0x0801c740   Data       59888  network_1_data_params.o(.constdata)
    AHBPrescTable                            0x0802b140   Data          16  system_stm32f7xx.o(.constdata)
    APBPrescTable                            0x0802b150   Data           8  system_stm32f7xx.o(.constdata)
    OV9655_VGA                               0x0802b158   Data         294  ov9655.o(.constdata)
    OV9655_QVGA                              0x0802b27e   Data         300  ov9655.o(.constdata)
    OV9655_QQVGA                             0x0802b3aa   Data         300  ov9655.o(.constdata)
    Font24_Table                             0x0802b4d6   Data        6840  stm32746g_discovery_lcd.o(.constdata)
    Font20_Table                             0x0802cf8e   Data        3800  stm32746g_discovery_lcd.o(.constdata)
    Font16_Table                             0x0802de66   Data        3040  stm32746g_discovery_lcd.o(.constdata)
    Font12_Table                             0x0802ea46   Data        1140  stm32746g_discovery_lcd.o(.constdata)
    Font8_Table                              0x0802eeba   Data         760  stm32746g_discovery_lcd.o(.constdata)
    Region$$Table$$Base                      0x0802f698   Number         0  anon$$obj.o(Region$$Table)
    Region$$Table$$Limit                     0x0802f6b8   Number         0  anon$$obj.o(Region$$Table)
    g_network_data_map_activations           0x20003c44   Data          28  network_data.o(.data)
    g_network_data_map_weights               0x20003c60   Data          28  network_data.o(.data)
    g_network_1_data_map_activations         0x200074fc   Data          28  network_1_data.o(.data)
    g_network_1_data_map_weights             0x20007518   Data          28  network_1_data.o(.data)
    Im_size                                  0x20007534   Data           4  main.o(.data)
    Im_size2                                 0x20007538   Data           4  main.o(.data)
    network                                  0x2000753c   Data           4  main.o(.data)
    network_1                                0x20007540   Data           4  main.o(.data)
    ai_input                                 0x20007544   Data           4  main.o(.data)
    ai_output                                0x20007548   Data           4  main.o(.data)
    ai_input_1                               0x2000754c   Data           4  main.o(.data)
    ai_output_1                              0x20007550   Data           4  main.o(.data)
    x1                                       0x20007554   Data           4  main.o(.data)
    y1                                       0x20007558   Data           4  main.o(.data)
    x2                                       0x2000755c   Data           4  main.o(.data)
    y2                                       0x20007560   Data           4  main.o(.data)
    anchors                                  0x20007564   Data           6  main.o(.data)
    activities                               0x20007570   Data          28  main.o(.data)
    uwTick                                   0x20007594   Data           4  stm32f7xx_hal.o(.data)
    uwTickPrio                               0x20007598   Data           4  stm32f7xx_hal.o(.data)
    uwTickFreq                               0x2000759c   Data           1  stm32f7xx_hal.o(.data)
    SystemCoreClock                          0x200075a0   Data           4  system_stm32f7xx.o(.data)
    ov9655_drv                               0x200075a4   Data          12  ov9655.o(.data)
    camera_drv                               0x200075b0   Data           4  stm32746g_discovery_camera.o(.data)
    Font24                                   0x200075bc   Data           8  stm32746g_discovery_lcd.o(.data)
    Font20                                   0x200075c4   Data           8  stm32746g_discovery_lcd.o(.data)
    Font16                                   0x200075cc   Data           8  stm32746g_discovery_lcd.o(.data)
    Font12                                   0x200075d4   Data           8  stm32746g_discovery_lcd.o(.data)
    Font8                                    0x200075dc   Data           8  stm32746g_discovery_lcd.o(.data)
    __stdout                                 0x200075ec   Data           4  stdout.o(.data)
    __microlib_freelist                      0x200075f0   Data           4  mvars.o(.data)
    __microlib_freelist_initialised          0x200075f4   Data           4  mvars.o(.data)
    in_data                                  0x2000799c   Data       37632  main.o(.bss)
    out_data                                 0x20010c9c   Data        3528  main.o(.bss)
    in_data_1                                0x20011a64   Data       16384  main.o(.bss)
    out_data_1                               0x20015a64   Data          28  main.o(.bss)
    activations                              0x20015a80   Data       30172  main.o(.bss)
    activations_1                            0x2001d05c   Data       105216  main.o(.bss)
    hadc3                                    0x20036b5c   Data          72  adc.o(.bss)
    hcrc                                     0x20036ba4   Data          36  crc.o(.bss)
    hdcmi                                    0x20036bc8   Data          80  dcmi.o(.bss)
    hdma_dcmi                                0x20036c18   Data          96  dcmi.o(.bss)
    hdma2d                                   0x20036c78   Data          64  dma2d.o(.bss)
    hsdram1                                  0x20036cb8   Data          52  fmc.o(.bss)
    hi2c1                                    0x20036cec   Data          84  i2c.o(.bss)
    hi2c3                                    0x20036d40   Data          84  i2c.o(.bss)
    hltdc                                    0x20036d94   Data         168  ltdc.o(.bss)
    hrtc                                     0x20036e3c   Data          32  rtc.o(.bss)
    hspi2                                    0x20036e5c   Data         100  spi.o(.bss)
    htim1                                    0x20036ec0   Data          76  tim.o(.bss)
    htim2                                    0x20036f0c   Data          76  tim.o(.bss)
    htim3                                    0x20036f58   Data          76  tim.o(.bss)
    htim5                                    0x20036fa4   Data          76  tim.o(.bss)
    huart1                                   0x20036ff0   Data         136  usart.o(.bss)
    huart6                                   0x20037078   Data         136  usart.o(.bss)
    htim6                                    0x20037100   Data          76  stm32f7xx_hal_timebase_tim.o(.bss)
    hDcmiHandler                             0x200371f4   Data          80  stm32746g_discovery_camera.o(.bss)
    hLtdcHandler                             0x200372a4   Data         168  stm32746g_discovery_lcd.o(.bss)
    sdramHandle                              0x20037428   Data          52  stm32746g_discovery_sdram.o(.bss)
    __heap_base                              0x20037548   Data           0  startup_stm32f746xx.o(HEAP)
    __heap_limit                             0x20049548   Data           0  startup_stm32f746xx.o(HEAP)
    __initial_sp                             0x2004b548   Data           0  startup_stm32f746xx.o(STACK)
    Frame_Buffer                             0xc0000000   Data       153600  stm32f7xx_hal_dcmi.o(.ARM.__AT_0xC0000000)
    downImage                                0xc0200000   Data        6272  stm32f7xx_hal_dcmi.o(.ARM.__AT_0xC0200000)



==============================================================================

Memory Map of the image

  Image Entry point : 0x080001c9

  Load Region LR_IROM1 (Base: 0x08000000, Size: 0x00036cb4, Max: 0x00100000, ABSOLUTE, COMPRESSED[0x00031c70])

    Execution Region ER_IROM1 (Exec base: 0x08000000, Load base: 0x08000000, Size: 0x0002f6b8, Max: 0x00100000, ABSOLUTE)

    Exec Addr    Load Addr    Size         Type   Attr      Idx    E Section Name        Object

    0x08000000   0x08000000   0x000001c8   Data   RO            3    RESET               startup_stm32f746xx.o
    0x080001c8   0x080001c8   0x00000000   Code   RO         9969  * .ARM.Collect$$$$00000000  mc_w.l(entry.o)
    0x080001c8   0x080001c8   0x00000004   Code   RO        10319    .ARM.Collect$$$$00000001  mc_w.l(entry2.o)
    0x080001cc   0x080001cc   0x00000004   Code   RO        10322    .ARM.Collect$$$$00000004  mc_w.l(entry5.o)
    0x080001d0   0x080001d0   0x00000000   Code   RO        10324    .ARM.Collect$$$$00000008  mc_w.l(entry7b.o)
    0x080001d0   0x080001d0   0x00000000   Code   RO        10326    .ARM.Collect$$$$0000000A  mc_w.l(entry8b.o)
    0x080001d0   0x080001d0   0x00000008   Code   RO        10327    .ARM.Collect$$$$0000000B  mc_w.l(entry9a.o)
    0x080001d8   0x080001d8   0x00000004   Code   RO        10334    .ARM.Collect$$$$0000000E  mc_w.l(entry12b.o)
    0x080001dc   0x080001dc   0x00000000   Code   RO        10329    .ARM.Collect$$$$0000000F  mc_w.l(entry10a.o)
    0x080001dc   0x080001dc   0x00000000   Code   RO        10331    .ARM.Collect$$$$00000011  mc_w.l(entry11a.o)
    0x080001dc   0x080001dc   0x00000004   Code   RO        10320    .ARM.Collect$$$$00002712  mc_w.l(entry2.o)
    0x080001e0   0x080001e0   0x00000024   Code   RO            4    .text               startup_stm32f746xx.o
    0x08000204   0x08000204   0x00000062   Code   RO         9972    .text               mc_w.l(uldiv.o)
    0x08000266   0x08000266   0x00000024   Code   RO         9976    .text               mc_w.l(memcpya.o)
    0x0800028a   0x0800028a   0x00000024   Code   RO         9978    .text               mc_w.l(memseta.o)
    0x080002ae   0x080002ae   0x0000001a   Code   RO         9980    .text               mc_w.l(memcmp.o)
    0x080002c8   0x080002c8   0x0000014e   Code   RO        10273    .text               mf_w.l(dadd.o)
    0x08000416   0x08000416   0x000000e4   Code   RO        10275    .text               mf_w.l(dmul.o)
    0x080004fa   0x080004fa   0x00000022   Code   RO        10277    .text               mf_w.l(dflti.o)
    0x0800051c   0x0800051c   0x00000042   Code   RO        10279    .text               mf_w.l(ffixl.o)
    0x0800055e   0x0800055e   0x0000003e   Code   RO        10281    .text               mf_w.l(dfixi.o)
    0x0800059c   0x0800059c   0x00000032   Code   RO        10283    .text               mf_w.l(dfixui.o)
    0x080005ce   0x080005ce   0x00000026   Code   RO        10285    .text               mf_w.l(f2d.o)
    0x080005f4   0x080005f4   0x0000002c   Code   RO        10336    .text               mc_w.l(uidiv.o)
    0x08000620   0x08000620   0x0000001e   Code   RO        10338    .text               mc_w.l(llshl.o)
    0x0800063e   0x0800063e   0x00000020   Code   RO        10340    .text               mc_w.l(llushr.o)
    0x0800065e   0x0800065e   0x00000024   Code   RO        10342    .text               mc_w.l(llsshr.o)
    0x08000682   0x08000682   0x00000000   Code   RO        10353    .text               mc_w.l(iusefp.o)
    0x08000682   0x08000682   0x000000ba   Code   RO        10358    .text               mf_w.l(depilogue.o)
    0x0800073c   0x0800073c   0x000000de   Code   RO        10360    .text               mf_w.l(ddiv.o)
    0x0800081a   0x0800081a   0x00000030   Code   RO        10362    .text               mf_w.l(dfixul.o)
    0x0800084a   0x0800084a   0x00000002   PAD
    0x0800084c   0x0800084c   0x00000030   Code   RO        10364    .text               mf_w.l(cdrcmple.o)
    0x0800087c   0x0800087c   0x00000004   Code   RO        10366    .text               mf_w.l(fpstat.o)
    0x08000880   0x08000880   0x00000024   Code   RO        10368    .text               mc_w.l(init.o)
    0x080008a4   0x080008a4   0x00000056   Code   RO        10380    .text               mc_w.l(__dczerorl2.o)
    0x080008fa   0x080008fa   0x00000002   PAD
    0x080008fc   0x080008fc   0x00000170   Code   RO         1562    i.ADC_Init          stm32f7xx_hal_adc.o
    0x08000a6c   0x08000a6c   0x00000084   Code   RO          471    i.AI_Init           main.o
    0x08000af0   0x08000af0   0x00000088   Code   RO          472    i.AI_Init_1         main.o
    0x08000b78   0x08000b78   0x0000007c   Code   RO          473    i.AI_Run            main.o
    0x08000bf4   0x08000bf4   0x00000080   Code   RO          474    i.AI_Run_1          main.o
    0x08000c74   0x08000c74   0x00000002   Code   RO         7196    i.BSP_CAMERA_ErrorCallback  stm32746g_discovery_camera.o
    0x08000c76   0x08000c76   0x00000002   Code   RO         7197    i.BSP_CAMERA_FrameEventCallback  stm32746g_discovery_camera.o
    0x08000c78   0x08000c78   0x000000b8   Code   RO         7198    i.BSP_CAMERA_Init   stm32746g_discovery_camera.o
    0x08000d30   0x08000d30   0x00000002   Code   RO         7199    i.BSP_CAMERA_LineEventCallback  stm32746g_discovery_camera.o
    0x08000d32   0x08000d32   0x00000002   PAD
    0x08000d34   0x08000d34   0x000001e0   Code   RO         7201    i.BSP_CAMERA_MspInit  stm32746g_discovery_camera.o
    0x08000f14   0x08000f14   0x00000058   Code   RO         7203    i.BSP_CAMERA_PwrUp  stm32746g_discovery_camera.o
    0x08000f6c   0x08000f6c   0x00000002   Code   RO         7208    i.BSP_CAMERA_VsyncEventCallback  stm32746g_discovery_camera.o
    0x08000f6e   0x08000f6e   0x00000002   PAD
    0x08000f70   0x08000f70   0x00000040   Code   RO         7360    i.BSP_LCD_Clear     stm32746g_discovery_lcd.o
    0x08000fb0   0x08000fb0   0x0000002c   Code   RO         7363    i.BSP_LCD_ClockConfig  stm32746g_discovery_lcd.o
    0x08000fdc   0x08000fdc   0x00000068   Code   RO         7365    i.BSP_LCD_DisplayChar  stm32746g_discovery_lcd.o
    0x08001044   0x08001044   0x00000128   Code   RO         7368    i.BSP_LCD_DisplayStringAt  stm32746g_discovery_lcd.o
    0x0800116c   0x0800116c   0x0000009c   Code   RO         7373    i.BSP_LCD_DrawHLine  stm32746g_discovery_lcd.o
    0x08001208   0x08001208   0x0000006c   Code   RO         7375    i.BSP_LCD_DrawPixel  stm32746g_discovery_lcd.o
    0x08001274   0x08001274   0x0000003c   Code   RO         7377    i.BSP_LCD_DrawRect  stm32746g_discovery_lcd.o
    0x080012b0   0x080012b0   0x000000a4   Code   RO         7378    i.BSP_LCD_DrawVLine  stm32746g_discovery_lcd.o
    0x08001354   0x08001354   0x00000020   Code   RO         7386    i.BSP_LCD_GetXSize  stm32746g_discovery_lcd.o
    0x08001374   0x08001374   0x00000020   Code   RO         7387    i.BSP_LCD_GetYSize  stm32746g_discovery_lcd.o
    0x08001394   0x08001394   0x000000b0   Code   RO         7388    i.BSP_LCD_Init      stm32746g_discovery_lcd.o
    0x08001444   0x08001444   0x000000a0   Code   RO         7390    i.BSP_LCD_LayerRgb565Init  stm32746g_discovery_lcd.o
    0x080014e4   0x080014e4   0x000001ac   Code   RO         7392    i.BSP_LCD_MspInit   stm32746g_discovery_lcd.o
    0x08001690   0x08001690   0x0000000c   Code   RO         7397    i.BSP_LCD_SelectLayer  stm32746g_discovery_lcd.o
    0x0800169c   0x0800169c   0x0000001c   Code   RO         7401    i.BSP_LCD_SetFont   stm32746g_discovery_lcd.o
    0x080016b8   0x080016b8   0x00000018   Code   RO         7408    i.BSP_LCD_SetTextColor  stm32746g_discovery_lcd.o
    0x080016d0   0x080016d0   0x00000018   Code   RO         7409    i.BSP_LCD_SetTransparency  stm32746g_discovery_lcd.o
    0x080016e8   0x080016e8   0x0000008c   Code   RO         7755    i.BSP_SDRAM_Init    stm32746g_discovery_sdram.o
    0x08001774   0x08001774   0x00000098   Code   RO         7756    i.BSP_SDRAM_Initialization_sequence  stm32746g_discovery_sdram.o
    0x0800180c   0x0800180c   0x000001c8   Code   RO         7758    i.BSP_SDRAM_MspInit  stm32746g_discovery_sdram.o
    0x080019d4   0x080019d4   0x00000004   Code   RO         1390    i.BusFault_Handler  stm32f7xx_it.o
    0x080019d8   0x080019d8   0x0000000c   Code   RO         6983    i.CAMERA_Delay      stm32746g_discovery.o
    0x080019e4   0x080019e4   0x00000010   Code   RO         6984    i.CAMERA_IO_Init    stm32746g_discovery.o
    0x080019f4   0x080019f4   0x00000028   Code   RO         6985    i.CAMERA_IO_Read    stm32746g_discovery.o
    0x08001a1c   0x08001a1c   0x00000024   Code   RO         6986    i.CAMERA_IO_Write   stm32746g_discovery.o
    0x08001a40   0x08001a40   0x000000f8   Code   RO         7887    i.CRC_Is_Enabled    NetworkRuntime801_CM7_Keil.lib(ai_platform_interface.o)
    0x08001b38   0x08001b38   0x000000f8   Code   RO         7888    i.CRC_Lock          NetworkRuntime801_CM7_Keil.lib(ai_platform_interface.o)
    0x08001c30   0x08001c30   0x00000024   Code   RO         3682    i.DCMI_DMAError     stm32f7xx_hal_dcmi.o
    0x08001c54   0x08001c54   0x0000017c   Code   RO         3683    i.DCMI_DMAXferCplt  stm32f7xx_hal_dcmi.o
    0x08001dd0   0x08001dd0   0x00000010   Code   RO         1391    i.DCMI_IRQHandler   stm32f7xx_it.o
    0x08001de0   0x08001de0   0x000000e6   Code   RO         3846    i.DMA2D_SetConfig   stm32f7xx_hal_dma2d.o
    0x08001ec6   0x08001ec6   0x00000002   PAD
    0x08001ec8   0x08001ec8   0x00000010   Code   RO         1392    i.DMA2_Stream1_IRQHandler  stm32f7xx_it.o
    0x08001ed8   0x08001ed8   0x00000034   Code   RO         2289    i.DMA_CalcBaseAndBitshift  stm32f7xx_hal_dma.o
    0x08001f0c   0x08001f0c   0x000000aa   Code   RO         2290    i.DMA_CheckFifoParam  stm32f7xx_hal_dma.o
    0x08001fb6   0x08001fb6   0x00000020   Code   RO         2395    i.DMA_MultiBufferSetConfig  stm32f7xx_hal_dma_ex.o
    0x08001fd6   0x08001fd6   0x0000002c   Code   RO         2291    i.DMA_SetConfig     stm32f7xx_hal_dma.o
    0x08002002   0x08002002   0x00000002   Code   RO         1393    i.DebugMon_Handler  stm32f7xx_it.o
    0x08002004   0x08002004   0x00000104   Code   RO         7413    i.DrawChar          stm32746g_discovery_lcd.o
    0x08002108   0x08002108   0x00000006   Code   RO          475    i.Error_Handler     main.o
    0x0800210e   0x0800210e   0x0000006c   Code   RO         4070    i.FMC_SDRAM_Init    stm32f7xx_ll_fmc.o
    0x0800217a   0x0800217a   0x00000014   Code   RO         4071    i.FMC_SDRAM_ProgramRefreshRate  stm32f7xx_ll_fmc.o
    0x0800218e   0x0800218e   0x00000026   Code   RO         4072    i.FMC_SDRAM_SendCommand  stm32f7xx_ll_fmc.o
    0x080021b4   0x080021b4   0x00000094   Code   RO         4074    i.FMC_SDRAM_Timing_Init  stm32f7xx_ll_fmc.o
    0x08002248   0x08002248   0x000001f4   Code   RO         1564    i.HAL_ADC_ConfigChannel  stm32f7xx_hal_adc.o
    0x0800243c   0x0800243c   0x00000068   Code   RO         1573    i.HAL_ADC_Init      stm32f7xx_hal_adc.o
    0x080024a4   0x080024a4   0x000000ac   Code   RO          858    i.HAL_ADC_MspInit   adc.o
    0x08002550   0x08002550   0x00000066   Code   RO         3648    i.HAL_CRCEx_Polynomial_Set  stm32f7xx_hal_crc_ex.o
    0x080025b6   0x080025b6   0x00000002   PAD
    0x080025b8   0x080025b8   0x00000084   Code   RO         3582    i.HAL_CRC_Init      stm32f7xx_hal_crc.o
    0x0800263c   0x0800263c   0x00000030   Code   RO          900    i.HAL_CRC_MspInit   crc.o
    0x0800266c   0x0800266c   0x00000046   Code   RO         3684    i.HAL_DCMI_ConfigCrop  stm32f7xx_hal_dcmi.o
    0x080026b2   0x080026b2   0x0000003e   Code   RO         3687    i.HAL_DCMI_DisableCrop  stm32f7xx_hal_dcmi.o
    0x080026f0   0x080026f0   0x0000003e   Code   RO         3688    i.HAL_DCMI_EnableCrop  stm32f7xx_hal_dcmi.o
    0x0800272e   0x0800272e   0x0000000a   Code   RO         7210    i.HAL_DCMI_ErrorCallback  stm32746g_discovery_camera.o
    0x08002738   0x08002738   0x0000000a   Code   RO         7211    i.HAL_DCMI_FrameEventCallback  stm32746g_discovery_camera.o
    0x08002742   0x08002742   0x00000002   PAD
    0x08002744   0x08002744   0x000000bc   Code   RO         3693    i.HAL_DCMI_IRQHandler  stm32f7xx_hal_dcmi.o
    0x08002800   0x08002800   0x000000a0   Code   RO         3694    i.HAL_DCMI_Init     stm32f7xx_hal_dcmi.o
    0x080028a0   0x080028a0   0x0000000a   Code   RO         7212    i.HAL_DCMI_LineEventCallback  stm32746g_discovery_camera.o
    0x080028aa   0x080028aa   0x00000002   PAD
    0x080028ac   0x080028ac   0x000001c8   Code   RO          942    i.HAL_DCMI_MspInit  dcmi.o
    0x08002a74   0x08002a74   0x000000f8   Code   RO         3699    i.HAL_DCMI_Start_DMA  stm32f7xx_hal_dcmi.o
    0x08002b6c   0x08002b6c   0x0000000a   Code   RO         7213    i.HAL_DCMI_VsyncEventCallback  stm32746g_discovery_camera.o
    0x08002b76   0x08002b76   0x00000002   PAD
    0x08002b78   0x08002b78   0x000000cc   Code   RO         3860    i.HAL_DMA2D_ConfigLayer  stm32f7xx_hal_dma2d.o
    0x08002c44   0x08002c44   0x00000060   Code   RO         3868    i.HAL_DMA2D_Init    stm32f7xx_hal_dma2d.o
    0x08002ca4   0x08002ca4   0x00000030   Code   RO         1008    i.HAL_DMA2D_MspInit  dma2d.o
    0x08002cd4   0x08002cd4   0x00000166   Code   RO         3872    i.HAL_DMA2D_PollForTransfer  stm32f7xx_hal_dma2d.o
    0x08002e3a   0x08002e3a   0x0000004e   Code   RO         3875    i.HAL_DMA2D_Start   stm32f7xx_hal_dma2d.o
    0x08002e88   0x08002e88   0x00000012   Code   RO         2396    i.HAL_DMAEx_ChangeMemory  stm32f7xx_hal_dma_ex.o
    0x08002e9a   0x08002e9a   0x00000002   PAD
    0x08002e9c   0x08002e9c   0x00000fc4   Code   RO         2398    i.HAL_DMAEx_MultiBufferStart_IT  stm32f7xx_hal_dma_ex.o
    0x08003e60   0x08003e60   0x00000028   Code   RO         2293    i.HAL_DMA_Abort_IT  stm32f7xx_hal_dma.o
    0x08003e88   0x08003e88   0x0000006e   Code   RO         2294    i.HAL_DMA_DeInit    stm32f7xx_hal_dma.o
    0x08003ef6   0x08003ef6   0x00000002   PAD
    0x08003ef8   0x08003ef8   0x00000240   Code   RO         2297    i.HAL_DMA_IRQHandler  stm32f7xx_hal_dma.o
    0x08004138   0x08004138   0x000000ec   Code   RO         2298    i.HAL_DMA_Init      stm32f7xx_hal_dma.o
    0x08004224   0x08004224   0x0000009e   Code   RO         2302    i.HAL_DMA_Start_IT  stm32f7xx_hal_dma.o
    0x080042c2   0x080042c2   0x00000002   PAD
    0x080042c4   0x080042c4   0x00000028   Code   RO         2799    i.HAL_Delay         stm32f7xx_hal.o
    0x080042ec   0x080042ec   0x0000010c   Code   RO         1050    i.HAL_FMC_MspInit   fmc.o
    0x080043f8   0x080043f8   0x00000184   Code   RO         2223    i.HAL_GPIO_DeInit   stm32f7xx_hal_gpio.o
    0x0800457c   0x0800457c   0x0000020c   Code   RO         2226    i.HAL_GPIO_Init     stm32f7xx_hal_gpio.o
    0x08004788   0x08004788   0x0000000c   Code   RO         2230    i.HAL_GPIO_WritePin  stm32f7xx_hal_gpio.o
    0x08004794   0x08004794   0x0000000c   Code   RO         2807    i.HAL_GetTick       stm32f7xx_hal.o
    0x080047a0   0x080047a0   0x0000006a   Code   RO         3462    i.HAL_I2CEx_ConfigAnalogFilter  stm32f7xx_hal_i2c_ex.o
    0x0800480a   0x0800480a   0x00000068   Code   RO         3463    i.HAL_I2CEx_ConfigDigitalFilter  stm32f7xx_hal_i2c_ex.o
    0x08004872   0x08004872   0x0000003c   Code   RO         2992    i.HAL_I2C_DeInit    stm32f7xx_hal_i2c.o
    0x080048ae   0x080048ae   0x00000008   Code   RO         3000    i.HAL_I2C_GetState  stm32f7xx_hal_i2c.o
    0x080048b6   0x080048b6   0x00000002   PAD
    0x080048b8   0x080048b8   0x000000c4   Code   RO         3001    i.HAL_I2C_Init      stm32f7xx_hal_i2c.o
    0x0800497c   0x0800497c   0x000001a0   Code   RO         3019    i.HAL_I2C_Mem_Read  stm32f7xx_hal_i2c.o
    0x08004b1c   0x08004b1c   0x00000198   Code   RO         3022    i.HAL_I2C_Mem_Write  stm32f7xx_hal_i2c.o
    0x08004cb4   0x08004cb4   0x00000068   Code   RO         1102    i.HAL_I2C_MspDeInit  i2c.o
    0x08004d1c   0x08004d1c   0x0000011c   Code   RO         1103    i.HAL_I2C_MspInit   i2c.o
    0x08004e38   0x08004e38   0x00000018   Code   RO         2813    i.HAL_IncTick       stm32f7xx_hal.o
    0x08004e50   0x08004e50   0x00000016   Code   RO         2814    i.HAL_Init          stm32f7xx_hal.o
    0x08004e66   0x08004e66   0x00000002   PAD
    0x08004e68   0x08004e68   0x000000b0   Code   RO         1520    i.HAL_InitTick      stm32f7xx_hal_timebase_tim.o
    0x08004f18   0x08004f18   0x0000005e   Code   RO         4379    i.HAL_LTDC_ConfigLayer  stm32f7xx_hal_ltdc.o
    0x08004f76   0x08004f76   0x00000002   Code   RO         4392    i.HAL_LTDC_ErrorCallback  stm32f7xx_hal_ltdc.o
    0x08004f78   0x08004f78   0x00000008   Code   RO         4394    i.HAL_LTDC_GetState  stm32f7xx_hal_ltdc.o
    0x08004f80   0x08004f80   0x000000f4   Code   RO         4395    i.HAL_LTDC_IRQHandler  stm32f7xx_hal_ltdc.o
    0x08005074   0x08005074   0x00000118   Code   RO         4396    i.HAL_LTDC_Init     stm32f7xx_hal_ltdc.o
    0x0800518c   0x0800518c   0x00000002   Code   RO         4397    i.HAL_LTDC_LineEventCallback  stm32f7xx_hal_ltdc.o
    0x0800518e   0x0800518e   0x00000002   PAD
    0x08005190   0x08005190   0x000001b8   Code   RO         1151    i.HAL_LTDC_MspInit  ltdc.o
    0x08005348   0x08005348   0x00000002   Code   RO         4402    i.HAL_LTDC_ReloadEventCallback  stm32f7xx_hal_ltdc.o
    0x0800534a   0x0800534a   0x0000005c   Code   RO         4405    i.HAL_LTDC_SetAlpha  stm32f7xx_hal_ltdc.o
    0x080053a6   0x080053a6   0x00000002   PAD
    0x080053a8   0x080053a8   0x00000040   Code   RO         1496    i.HAL_MspInit       stm32f7xx_hal_msp.o
    0x080053e8   0x080053e8   0x00000020   Code   RO         2657    i.HAL_NVIC_EnableIRQ  stm32f7xx_hal_cortex.o
    0x08005408   0x08005408   0x0000007c   Code   RO         2663    i.HAL_NVIC_SetPriority  stm32f7xx_hal_cortex.o
    0x08005484   0x08005484   0x00000028   Code   RO         2664    i.HAL_NVIC_SetPriorityGrouping  stm32f7xx_hal_cortex.o
    0x080054ac   0x080054ac   0x00000090   Code   RO         2566    i.HAL_PWREx_EnableOverDrive  stm32f7xx_hal_pwr_ex.o
    0x0800553c   0x0800553c   0x00000014   Code   RO         2443    i.HAL_PWR_EnableBkUpAccess  stm32f7xx_hal_pwr.o
    0x08005550   0x08005550   0x000006e4   Code   RO         1942    i.HAL_RCCEx_PeriphCLKConfig  stm32f7xx_hal_rcc_ex.o
    0x08005c34   0x08005c34   0x00000194   Code   RO         1835    i.HAL_RCC_ClockConfig  stm32f7xx_hal_rcc.o
    0x08005dc8   0x08005dc8   0x00000044   Code   RO         1839    i.HAL_RCC_GetClockConfig  stm32f7xx_hal_rcc.o
    0x08005e0c   0x08005e0c   0x0000000c   Code   RO         1840    i.HAL_RCC_GetHCLKFreq  stm32f7xx_hal_rcc.o
    0x08005e18   0x08005e18   0x00000020   Code   RO         1842    i.HAL_RCC_GetPCLK1Freq  stm32f7xx_hal_rcc.o
    0x08005e38   0x08005e38   0x00000020   Code   RO         1843    i.HAL_RCC_GetPCLK2Freq  stm32f7xx_hal_rcc.o
    0x08005e58   0x08005e58   0x000000b0   Code   RO         1844    i.HAL_RCC_GetSysClockFreq  stm32f7xx_hal_rcc.o
    0x08005f08   0x08005f08   0x00000504   Code   RO         1847    i.HAL_RCC_OscConfig  stm32f7xx_hal_rcc.o
    0x0800640c   0x0800640c   0x0000009a   Code   RO         4869    i.HAL_RTCEx_SetTimeStamp  stm32f7xx_hal_rtc_ex.o
    0x080064a6   0x080064a6   0x00000002   PAD
    0x080064a8   0x080064a8   0x000000b4   Code   RO         4682    i.HAL_RTC_Init      stm32f7xx_hal_rtc.o
    0x0800655c   0x0800655c   0x00000044   Code   RO         1193    i.HAL_RTC_MspInit   rtc.o
    0x080065a0   0x080065a0   0x000000c0   Code   RO         4688    i.HAL_RTC_SetDate   stm32f7xx_hal_rtc.o
    0x08006660   0x08006660   0x000000ec   Code   RO         4689    i.HAL_RTC_SetTime   stm32f7xx_hal_rtc.o
    0x0800674c   0x0800674c   0x0000003a   Code   RO         4690    i.HAL_RTC_WaitForSynchro  stm32f7xx_hal_rtc.o
    0x08006786   0x08006786   0x00000040   Code   RO         4211    i.HAL_SDRAM_Init    stm32f7xx_hal_sdram.o
    0x080067c6   0x080067c6   0x0000000a   Code   RO         1052    i.HAL_SDRAM_MspInit  fmc.o
    0x080067d0   0x080067d0   0x00000036   Code   RO         4214    i.HAL_SDRAM_ProgramRefreshRate  stm32f7xx_hal_sdram.o
    0x08006806   0x08006806   0x0000004e   Code   RO         4220    i.HAL_SDRAM_SendCommand  stm32f7xx_hal_sdram.o
    0x08006854   0x08006854   0x000000fc   Code   RO         5094    i.HAL_SPI_Init      stm32f7xx_hal_spi.o
    0x08006950   0x08006950   0x000000b4   Code   RO         1235    i.HAL_SPI_MspInit   spi.o
    0x08006a04   0x08006a04   0x00000002   Code   RO         6161    i.HAL_TIMEx_Break2Callback  stm32f7xx_hal_tim_ex.o
    0x08006a06   0x08006a06   0x00000002   Code   RO         6162    i.HAL_TIMEx_BreakCallback  stm32f7xx_hal_tim_ex.o
    0x08006a08   0x08006a08   0x00000002   Code   RO         6163    i.HAL_TIMEx_CommutCallback  stm32f7xx_hal_tim_ex.o
    0x08006a0a   0x08006a0a   0x00000002   PAD
    0x08006a0c   0x08006a0c   0x000000b4   Code   RO         6165    i.HAL_TIMEx_ConfigBreakDeadTime  stm32f7xx_hal_tim_ex.o
    0x08006ac0   0x08006ac0   0x000000cc   Code   RO         6182    i.HAL_TIMEx_MasterConfigSynchronization  stm32f7xx_hal_tim_ex.o
    0x08006b8c   0x08006b8c   0x0000006e   Code   RO         5436    i.HAL_TIM_Base_Init  stm32f7xx_hal_tim.o
    0x08006bfa   0x08006bfa   0x00000002   PAD
    0x08006bfc   0x08006bfc   0x000000b0   Code   RO         1277    i.HAL_TIM_Base_MspInit  tim.o
    0x08006cac   0x08006cac   0x000000b4   Code   RO         5441    i.HAL_TIM_Base_Start_IT  stm32f7xx_hal_tim.o
    0x08006d60   0x08006d60   0x00000110   Code   RO         5445    i.HAL_TIM_ConfigClockSource  stm32f7xx_hal_tim.o
    0x08006e70   0x08006e70   0x00000002   Code   RO         5470    i.HAL_TIM_IC_CaptureCallback  stm32f7xx_hal_tim.o
    0x08006e72   0x08006e72   0x000001b8   Code   RO         5484    i.HAL_TIM_IRQHandler  stm32f7xx_hal_tim.o
    0x0800702a   0x0800702a   0x00000002   PAD
    0x0800702c   0x0800702c   0x00000130   Code   RO         1278    i.HAL_TIM_MspPostInit  tim.o
    0x0800715c   0x0800715c   0x00000002   Code   RO         5487    i.HAL_TIM_OC_DelayElapsedCallback  stm32f7xx_hal_tim.o
    0x0800715e   0x0800715e   0x00000170   Code   RO         5508    i.HAL_TIM_PWM_ConfigChannel  stm32f7xx_hal_tim.o
    0x080072ce   0x080072ce   0x0000006e   Code   RO         5511    i.HAL_TIM_PWM_Init  stm32f7xx_hal_tim.o
    0x0800733c   0x0800733c   0x00000002   Code   RO         5513    i.HAL_TIM_PWM_MspInit  stm32f7xx_hal_tim.o
    0x0800733e   0x0800733e   0x00000002   Code   RO         5514    i.HAL_TIM_PWM_PulseFinishedCallback  stm32f7xx_hal_tim.o
    0x08007340   0x08007340   0x00000018   Code   RO          476    i.HAL_TIM_PeriodElapsedCallback  main.o
    0x08007358   0x08007358   0x00000002   Code   RO         5527    i.HAL_TIM_TriggerCallback  stm32f7xx_hal_tim.o
    0x0800735a   0x0800735a   0x00000074   Code   RO         6469    i.HAL_UART_Init     stm32f7xx_hal_uart.o
    0x080073ce   0x080073ce   0x00000002   PAD
    0x080073d0   0x080073d0   0x00000150   Code   RO         1343    i.HAL_UART_MspInit  usart.o
    0x08007520   0x08007520   0x000000b2   Code   RO         6478    i.HAL_UART_Transmit  stm32f7xx_hal_uart.o
    0x080075d2   0x080075d2   0x00000004   Code   RO         1394    i.HardFault_Handler  stm32f7xx_it.o
    0x080075d6   0x080075d6   0x00000028   Code   RO         3048    i.I2C_Flush_TXDR    stm32f7xx_hal_i2c.o
    0x080075fe   0x080075fe   0x00000002   PAD
    0x08007600   0x08007600   0x00000130   Code   RO         3056    i.I2C_IsErrorOccurred  stm32f7xx_hal_i2c.o
    0x08007730   0x08007730   0x0000007c   Code   RO         3061    i.I2C_RequestMemoryRead  stm32f7xx_hal_i2c.o
    0x080077ac   0x080077ac   0x0000007c   Code   RO         3062    i.I2C_RequestMemoryWrite  stm32f7xx_hal_i2c.o
    0x08007828   0x08007828   0x00000038   Code   RO         3065    i.I2C_TransferConfig  stm32f7xx_hal_i2c.o
    0x08007860   0x08007860   0x0000005e   Code   RO         3067    i.I2C_WaitOnFlagUntilTimeout  stm32f7xx_hal_i2c.o
    0x080078be   0x080078be   0x00000056   Code   RO         3069    i.I2C_WaitOnSTOPFlagUntilTimeout  stm32f7xx_hal_i2c.o
    0x08007914   0x08007914   0x0000005a   Code   RO         3070    i.I2C_WaitOnTXISFlagUntilTimeout  stm32f7xx_hal_i2c.o
    0x0800796e   0x0800796e   0x00000014   Code   RO         6991    i.I2Cx_Error        stm32746g_discovery.o
    0x08007982   0x08007982   0x00000002   PAD
    0x08007984   0x08007984   0x00000050   Code   RO         6992    i.I2Cx_Init         stm32746g_discovery.o
    0x080079d4   0x080079d4   0x00000164   Code   RO         6994    i.I2Cx_MspInit      stm32746g_discovery.o
    0x08007b38   0x08007b38   0x0000003a   Code   RO         6995    i.I2Cx_ReadMultiple  stm32746g_discovery.o
    0x08007b72   0x08007b72   0x0000003a   Code   RO         6996    i.I2Cx_WriteMultiple  stm32746g_discovery.o
    0x08007bac   0x08007bac   0x00000088   Code   RO         7416    i.LL_FillBuffer     stm32746g_discovery_lcd.o
    0x08007c34   0x08007c34   0x00000010   Code   RO         1395    i.LTDC_ER_IRQHandler  stm32f7xx_it.o
    0x08007c44   0x08007c44   0x00000010   Code   RO         1396    i.LTDC_IRQHandler   stm32f7xx_it.o
    0x08007c54   0x08007c54   0x00000210   Code   RO         4415    i.LTDC_SetConfig    stm32f7xx_hal_ltdc.o
    0x08007e64   0x08007e64   0x00000070   Code   RO          859    i.MX_ADC3_Init      adc.o
    0x08007ed4   0x08007ed4   0x00000034   Code   RO          901    i.MX_CRC_Init       crc.o
    0x08007f08   0x08007f08   0x00000048   Code   RO          943    i.MX_DCMI_Init      dcmi.o
    0x08007f50   0x08007f50   0x00000040   Code   RO         1009    i.MX_DMA2D_Init     dma2d.o
    0x08007f90   0x08007f90   0x00000034   Code   RO          983    i.MX_DMA_Init       dma.o
    0x08007fc4   0x08007fc4   0x00000074   Code   RO         1053    i.MX_FMC_Init       fmc.o
    0x08008038   0x08008038   0x000004bc   Code   RO          829    i.MX_GPIO_Init      gpio.o
    0x080084f4   0x080084f4   0x00000058   Code   RO         1104    i.MX_I2C1_Init      i2c.o
    0x0800854c   0x0800854c   0x00000058   Code   RO         1105    i.MX_I2C3_Init      i2c.o
    0x080085a4   0x080085a4   0x000000b4   Code   RO         1152    i.MX_LTDC_Init      ltdc.o
    0x08008658   0x08008658   0x00000098   Code   RO         1194    i.MX_RTC_Init       rtc.o
    0x080086f0   0x080086f0   0x00000050   Code   RO         1236    i.MX_SPI2_Init      spi.o
    0x08008740   0x08008740   0x000000e8   Code   RO         1279    i.MX_TIM1_Init      tim.o
    0x08008828   0x08008828   0x000000a0   Code   RO         1280    i.MX_TIM2_Init      tim.o
    0x080088c8   0x080088c8   0x000000a4   Code   RO         1281    i.MX_TIM3_Init      tim.o
    0x0800896c   0x0800896c   0x000000a4   Code   RO         1282    i.MX_TIM5_Init      tim.o
    0x08008a10   0x08008a10   0x00000040   Code   RO         1344    i.MX_USART1_UART_Init  usart.o
    0x08008a50   0x08008a50   0x00000040   Code   RO         1345    i.MX_USART6_UART_Init  usart.o
    0x08008a90   0x08008a90   0x00000004   Code   RO         1397    i.MemManage_Handler  stm32f7xx_it.o
    0x08008a94   0x08008a94   0x00000004   Code   RO         1398    i.NMI_Handler       stm32f7xx_it.o
    0x08008a98   0x08008a98   0x00000002   Code   RO         1399    i.PendSV_Handler    stm32f7xx_it.o
    0x08008a9a   0x08008a9a   0x0000001a   Code   RO         4692    i.RTC_ByteToBcd2    stm32f7xx_hal_rtc.o
    0x08008ab4   0x08008ab4   0x0000004a   Code   RO         4693    i.RTC_EnterInitMode  stm32f7xx_hal_rtc.o
    0x08008afe   0x08008afe   0x0000002e   Code   RO         4694    i.RTC_ExitInitMode  stm32f7xx_hal_rtc.o
    0x08008b2c   0x08008b2c   0x0000009c   Code   RO          477    i.SCB_EnableDCache  main.o
    0x08008bc8   0x08008bc8   0x0000007c   Code   RO          478    i.SCB_EnableICache  main.o
    0x08008c44   0x08008c44   0x00000002   Code   RO         1400    i.SVC_Handler       stm32f7xx_it.o
    0x08008c46   0x08008c46   0x00000002   Code   RO         1401    i.SysTick_Handler   stm32f7xx_it.o
    0x08008c48   0x08008c48   0x000000c0   Code   RO          479    i.SystemClock_Config  main.o
    0x08008d08   0x08008d08   0x00000014   Code   RO         6892    i.SystemInit        system_stm32f7xx.o
    0x08008d1c   0x08008d1c   0x00000010   Code   RO         1402    i.TIM6_DAC_IRQHandler  stm32f7xx_it.o
    0x08008d2c   0x08008d2c   0x000000d8   Code   RO         5529    i.TIM_Base_SetConfig  stm32f7xx_hal_tim.o
    0x08008e04   0x08008e04   0x00000016   Code   RO         5540    i.TIM_ETR_SetConfig  stm32f7xx_hal_tim.o
    0x08008e1a   0x08008e1a   0x00000012   Code   RO         5541    i.TIM_ITRx_SetConfig  stm32f7xx_hal_tim.o
    0x08008e2c   0x08008e2c   0x00000074   Code   RO         5542    i.TIM_OC1_SetConfig  stm32f7xx_hal_tim.o
    0x08008ea0   0x08008ea0   0x00000080   Code   RO         5543    i.TIM_OC2_SetConfig  stm32f7xx_hal_tim.o
    0x08008f20   0x08008f20   0x0000007c   Code   RO         5544    i.TIM_OC3_SetConfig  stm32f7xx_hal_tim.o
    0x08008f9c   0x08008f9c   0x00000058   Code   RO         5545    i.TIM_OC4_SetConfig  stm32f7xx_hal_tim.o
    0x08008ff4   0x08008ff4   0x00000050   Code   RO         5546    i.TIM_OC5_SetConfig  stm32f7xx_hal_tim.o
    0x08009044   0x08009044   0x00000054   Code   RO         5547    i.TIM_OC6_SetConfig  stm32f7xx_hal_tim.o
    0x08009098   0x08009098   0x00000026   Code   RO         5549    i.TIM_TI1_ConfigInputStage  stm32f7xx_hal_tim.o
    0x080090be   0x080090be   0x00000028   Code   RO         5551    i.TIM_TI2_ConfigInputStage  stm32f7xx_hal_tim.o
    0x080090e6   0x080090e6   0x000000f8   Code   RO         6483    i.UART_AdvFeatureConfig  stm32f7xx_hal_uart.o
    0x080091de   0x080091de   0x00000050   Code   RO         6484    i.UART_CheckIdleState  stm32f7xx_hal_uart.o
    0x0800922e   0x0800922e   0x00000002   PAD
    0x08009230   0x08009230   0x0000033c   Code   RO         6500    i.UART_SetConfig    stm32f7xx_hal_uart.o
    0x0800956c   0x0800956c   0x000000fc   Code   RO         6505    i.UART_WaitOnFlagUntilTimeout  stm32f7xx_hal_uart.o
    0x08009668   0x08009668   0x00000004   Code   RO         1403    i.UsageFault_Handler  stm32f7xx_it.o
    0x0800966c   0x0800966c   0x00000020   Code   RO        10217    i.__0printf         mc_w.l(printfa.o)
    0x0800968c   0x0800968c   0x00000026   Code   RO        10293    i.__ARM_fpclassifyf  m_wm.l(fpclassifyf.o)
    0x080096b2   0x080096b2   0x00000002   PAD
    0x080096b4   0x080096b4   0x00000010   Code   RO         2670    i.__NVIC_GetPriorityGrouping  stm32f7xx_hal_cortex.o
    0x080096c4   0x080096c4   0x00000028   Code   RO         2671    i.__NVIC_SetPriority  stm32f7xx_hal_cortex.o
    0x080096ec   0x080096ec   0x0000005c   Code   RO        10249    i.__free$realloc    mc_w.l(mallocr.o)
    0x08009748   0x08009748   0x000001e8   Code   RO         9839    i.__hardfp_expf     m_wm.l(expf.o)
    0x08009930   0x08009930   0x00000118   Code   RO         9853    i.__hardfp_floor    m_wm.l(floor.o)
    0x08009a48   0x08009a48   0x00000664   Code   RO         9891    i.__hardfp_powf     m_wm.l(powf.o)
    0x0800a0ac   0x0800a0ac   0x00000050   Code   RO        10250    i.__malloc$realloc  mc_w.l(mallocr.o)
    0x0800a0fc   0x0800a0fc   0x00000014   Code   RO        10295    i.__mathlib_flt_divzero  m_wm.l(funder.o)
    0x0800a110   0x0800a110   0x00000006   Code   RO        10296    i.__mathlib_flt_infnan  m_wm.l(funder.o)
    0x0800a116   0x0800a116   0x00000006   Code   RO        10297    i.__mathlib_flt_infnan2  m_wm.l(funder.o)
    0x0800a11c   0x0800a11c   0x00000010   Code   RO        10298    i.__mathlib_flt_invalid  m_wm.l(funder.o)
    0x0800a12c   0x0800a12c   0x00000010   Code   RO        10299    i.__mathlib_flt_overflow  m_wm.l(funder.o)
    0x0800a13c   0x0800a13c   0x00000010   Code   RO        10301    i.__mathlib_flt_underflow  m_wm.l(funder.o)
    0x0800a14c   0x0800a14c   0x0000000e   Code   RO        10374    i.__scatterload_copy  mc_w.l(handlers.o)
    0x0800a15a   0x0800a15a   0x00000002   Code   RO        10375    i.__scatterload_null  mc_w.l(handlers.o)
    0x0800a15c   0x0800a15c   0x0000000e   Code   RO        10376    i.__scatterload_zeroinit  mc_w.l(handlers.o)
    0x0800a16a   0x0800a16a   0x00000002   PAD
    0x0800a16c   0x0800a16c   0x0000000c   Code   RO        10348    i.__set_errno       mc_w.l(errno.o)
    0x0800a178   0x0800a178   0x00000012   Code   RO         8911    i._ai_forward_layer  NetworkRuntime801_CM7_Keil.lib(layers.o)
    0x0800a18a   0x0800a18a   0x00000004   Code   RO         7889    i._ai_platform_acquire_crc  NetworkRuntime801_CM7_Keil.lib(ai_platform_interface.o)
    0x0800a18e   0x0800a18e   0x00000002   PAD
    0x0800a190   0x0800a190   0x000000e0   Code   RO         7890    i._ai_platform_get_io_buffers_info  NetworkRuntime801_CM7_Keil.lib(ai_platform_interface.o)
    0x0800a270   0x0800a270   0x00000002   Code   RO         7891    i._ai_platform_release_crc  NetworkRuntime801_CM7_Keil.lib(ai_platform_interface.o)
    0x0800a272   0x0800a272   0x00000002   PAD
    0x0800a274   0x0800a274   0x000000d4   Code   RO         8843    i._float_to_integer  NetworkRuntime801_CM7_Keil.lib(core_convert.o)
    0x0800a348   0x0800a348   0x00000184   Code   RO        10224    i._fp_digits        mc_w.l(printfa.o)
    0x0800a4cc   0x0800a4cc   0x0000009c   Code   RO         8844    i._integer_to_float  NetworkRuntime801_CM7_Keil.lib(core_convert.o)
    0x0800a568   0x0800a568   0x000000a4   Code   RO         8494    i._lite_nl_softmax_if32of32  NetworkRuntime801_CM7_Keil.lib(layers_nl_generic_float.o)
    0x0800a60c   0x0800a60c   0x0000004a   Code   RO         7892    i._platform_ai_buffer_array_copy  NetworkRuntime801_CM7_Keil.lib(ai_platform_interface.o)
    0x0800a656   0x0800a656   0x00000002   PAD
    0x0800a658   0x0800a658   0x00000050   Code   RO         7893    i._platform_get_table_map_from_buffer  NetworkRuntime801_CM7_Keil.lib(ai_platform_interface.o)
    0x0800a6a8   0x0800a6a8   0x00000044   Code   RO         7894    i._platform_get_table_map_from_buffer_array  NetworkRuntime801_CM7_Keil.lib(ai_platform_interface.o)
    0x0800a6ec   0x0800a6ec   0x00000014   Code   RO         7895    i._platform_network_buffers_signature_valid  NetworkRuntime801_CM7_Keil.lib(ai_platform_interface.o)
    0x0800a700   0x0800a700   0x00000210   Code   RO         7896    i._platform_network_io_bind  NetworkRuntime801_CM7_Keil.lib(ai_platform_interface.o)
    0x0800a910   0x0800a910   0x0000003e   Code   RO         7897    i._platform_network_state_setup  NetworkRuntime801_CM7_Keil.lib(ai_platform_interface.o)
    0x0800a94e   0x0800a94e   0x0000006c   Code   RO         7898    i._platform_network_state_update_input  NetworkRuntime801_CM7_Keil.lib(ai_platform_interface.o)
    0x0800a9ba   0x0800a9ba   0x00000080   Code   RO         7899    i._platform_network_state_update_output  NetworkRuntime801_CM7_Keil.lib(ai_platform_interface.o)
    0x0800aa3a   0x0800aa3a   0x00000002   PAD
    0x0800aa3c   0x0800aa3c   0x000006b4   Code   RO        10225    i._printf_core      mc_w.l(printfa.o)
    0x0800b0f0   0x0800b0f0   0x00000024   Code   RO        10226    i._printf_post_padding  mc_w.l(printfa.o)
    0x0800b114   0x0800b114   0x0000002e   Code   RO        10227    i._printf_pre_padding  mc_w.l(printfa.o)
    0x0800b142   0x0800b142   0x0000003c   Code   RO         8877    i.ai_array_get_byte_size  NetworkRuntime801_CM7_Keil.lib(ai_datatypes_format.o)
    0x0800b17e   0x0800b17e   0x0000001e   Code   RO         8878    i.ai_array_get_data_byte_size  NetworkRuntime801_CM7_Keil.lib(ai_datatypes_format.o)
    0x0800b19c   0x0800b19c   0x0000012c   Code   RO         8880    i.ai_array_to_buffer_fmt  NetworkRuntime801_CM7_Keil.lib(ai_datatypes_format.o)
    0x0800b2c8   0x0800b2c8   0x00000024   Code   RO         7873    i.ai_buffer_array_item_set_address  NetworkRuntime801_CM7_Keil.lib(ai_platform.o)
    0x0800b2ec   0x0800b2ec   0x00000012   Code   RO         7874    i.ai_buffer_array_sane  NetworkRuntime801_CM7_Keil.lib(ai_platform.o)
    0x0800b2fe   0x0800b2fe   0x00000002   PAD
    0x0800b300   0x0800b300   0x00000068   Code   RO         7876    i.ai_buffer_get_size  NetworkRuntime801_CM7_Keil.lib(ai_platform.o)
    0x0800b368   0x0800b368   0x0000002c   Code   RO         8912    i.ai_check_custom_types  NetworkRuntime801_CM7_Keil.lib(layers.o)
    0x0800b394   0x0800b394   0x00000050   Code   RO         8917    i.ai_layers_forward_all  NetworkRuntime801_CM7_Keil.lib(layers.o)
    0x0800b3e4   0x0800b3e4   0x0000001e   Code   RO         8918    i.ai_layers_init_all  NetworkRuntime801_CM7_Keil.lib(layers.o)
    0x0800b402   0x0800b402   0x00000036   Code   RO         8919    i.ai_layers_post_init_all  NetworkRuntime801_CM7_Keil.lib(layers.o)
    0x0800b438   0x0800b438   0x00000024   Code   RO          312    i.ai_network_1_create  network_1.o
    0x0800b45c   0x0800b45c   0x00000082   Code   RO          313    i.ai_network_1_create_and_init  network_1.o
    0x0800b4de   0x0800b4de   0x00000002   PAD
    0x0800b4e0   0x0800b4e0   0x00000030   Code   RO          414    i.ai_network_1_data_params_get  network_1_data.o
    0x0800b510   0x0800b510   0x0000000e   Code   RO          316    i.ai_network_1_get_error  network_1.o
    0x0800b51e   0x0800b51e   0x0000003c   Code   RO          319    i.ai_network_1_init  network_1.o
    0x0800b55a   0x0800b55a   0x00000002   PAD
    0x0800b55c   0x0800b55c   0x00000020   Code   RO          320    i.ai_network_1_inputs_get  network_1.o
    0x0800b57c   0x0800b57c   0x00000020   Code   RO          321    i.ai_network_1_outputs_get  network_1.o
    0x0800b59c   0x0800b59c   0x00000014   Code   RO          322    i.ai_network_1_run  network_1.o
    0x0800b5b0   0x0800b5b0   0x00000024   Code   RO           10    i.ai_network_create  network.o
    0x0800b5d4   0x0800b5d4   0x00000082   Code   RO           11    i.ai_network_create_and_init  network.o
    0x0800b656   0x0800b656   0x00000002   PAD
    0x0800b658   0x0800b658   0x00000030   Code   RO          246    i.ai_network_data_params_get  network_data.o
    0x0800b688   0x0800b688   0x0000000e   Code   RO           14    i.ai_network_get_error  network.o
    0x0800b696   0x0800b696   0x0000003c   Code   RO           17    i.ai_network_init   network.o
    0x0800b6d2   0x0800b6d2   0x00000002   PAD
    0x0800b6d4   0x0800b6d4   0x00000020   Code   RO           18    i.ai_network_inputs_get  network.o
    0x0800b6f4   0x0800b6f4   0x00000020   Code   RO           19    i.ai_network_outputs_get  network.o
    0x0800b714   0x0800b714   0x00000014   Code   RO           20    i.ai_network_run    network.o
    0x0800b728   0x0800b728   0x000000ae   Code   RO         9322    i.ai_padding_opt_init  NetworkRuntime801_CM7_Keil.lib(st_padding_opt.o)
    0x0800b7d6   0x0800b7d6   0x00000030   Code   RO         9323    i.ai_padding_opt_phase1  NetworkRuntime801_CM7_Keil.lib(st_padding_opt.o)
    0x0800b806   0x0800b806   0x00000026   Code   RO         9037    i.ai_padding_opt_phase2  NetworkRuntime801_CM7_Keil.lib(forward_lite_conv2d_sssa8_ch.o)
    0x0800b82c   0x0800b82c   0x0000002c   Code   RO         7903    i.ai_platform_bind_network_params  NetworkRuntime801_CM7_Keil.lib(ai_platform_interface.o)
    0x0800b858   0x0800b858   0x0000001c   Code   RO         7904    i.ai_platform_context_acquire  NetworkRuntime801_CM7_Keil.lib(ai_platform_interface.o)
    0x0800b874   0x0800b874   0x0000002c   Code   RO         7906    i.ai_platform_get_activations_map  NetworkRuntime801_CM7_Keil.lib(ai_platform_interface.o)
    0x0800b8a0   0x0800b8a0   0x00000028   Code   RO         7907    i.ai_platform_get_weights_map  NetworkRuntime801_CM7_Keil.lib(ai_platform_interface.o)
    0x0800b8c8   0x0800b8c8   0x00000042   Code   RO         7908    i.ai_platform_inputs_get  NetworkRuntime801_CM7_Keil.lib(ai_platform_interface.o)
    0x0800b90a   0x0800b90a   0x00000002   PAD
    0x0800b90c   0x0800b90c   0x00000014   Code   RO         7909    i.ai_platform_interface_api_get_version  NetworkRuntime801_CM7_Keil.lib(ai_platform_interface.o)
    0x0800b920   0x0800b920   0x000000b4   Code   RO         7910    i.ai_platform_network_create  NetworkRuntime801_CM7_Keil.lib(ai_platform_interface.o)
    0x0800b9d4   0x0800b9d4   0x0000001c   Code   RO         7912    i.ai_platform_network_get_error  NetworkRuntime801_CM7_Keil.lib(ai_platform_interface.o)
    0x0800b9f0   0x0800b9f0   0x0000010c   Code   RO         7913    i.ai_platform_network_init  NetworkRuntime801_CM7_Keil.lib(ai_platform_interface.o)
    0x0800bafc   0x0800bafc   0x00000046   Code   RO         7914    i.ai_platform_network_post_init  NetworkRuntime801_CM7_Keil.lib(ai_platform_interface.o)
    0x0800bb42   0x0800bb42   0x00000054   Code   RO         7915    i.ai_platform_network_process  NetworkRuntime801_CM7_Keil.lib(ai_platform_interface.o)
    0x0800bb96   0x0800bb96   0x0000000c   Code   RO         7916    i.ai_platform_network_set_error  NetworkRuntime801_CM7_Keil.lib(ai_platform_interface.o)
    0x0800bba2   0x0800bba2   0x00000048   Code   RO         7922    i.ai_platform_outputs_get  NetworkRuntime801_CM7_Keil.lib(ai_platform_interface.o)
    0x0800bbea   0x0800bbea   0x0000001a   Code   RO         8495    i.ai_shape_get_size  NetworkRuntime801_CM7_Keil.lib(layers_nl_generic_float.o)
    0x0800bc04   0x0800bc04   0x0000001a   Code   RO         8731    i.ai_shape_get_size  NetworkRuntime801_CM7_Keil.lib(layers_stm32_integer.o)
    0x0800bc1e   0x0800bc1e   0x0000001a   Code   RO         8756    i.ai_shape_get_size  NetworkRuntime801_CM7_Keil.lib(layers_dw_sssa8_ch.o)
    0x0800bc38   0x0800bc38   0x0000001a   Code   RO         8814    i.ai_shape_get_size  NetworkRuntime801_CM7_Keil.lib(layers_conv2d_sssa8_ch.o)
    0x0800bc52   0x0800bc52   0x0000001a   Code   RO         8846    i.ai_shape_get_size  NetworkRuntime801_CM7_Keil.lib(core_convert.o)
    0x0800bc6c   0x0800bc6c   0x0000002e   Code   RO         8732    i.ai_shape_is_same  NetworkRuntime801_CM7_Keil.lib(layers_stm32_integer.o)
    0x0800bc9a   0x0800bc9a   0x0000001e   Code   RO         8733    i.ai_shape_is_scalar  NetworkRuntime801_CM7_Keil.lib(layers_stm32_integer.o)
    0x0800bcb8   0x0800bcb8   0x0000053c   Code   RO         8167    i.ai_sum_buffer_INT8  NetworkRuntime801_CM7_Keil.lib(ai_math_helpers.o)
    0x0800c1f4   0x0800c1f4   0x00000012   Code   RO         8176    i.ai_sum_f32        NetworkRuntime801_CM7_Keil.lib(ai_math_helpers.o)
    0x0800c206   0x0800c206   0x0000000c   Code   RO         8901    i.ai_version_get    NetworkRuntime801_CM7_Keil.lib(ai_datatypes_internal.o)
    0x0800c212   0x0800c212   0x00000002   PAD
    0x0800c214   0x0800c214   0x000000c8   Code   RO         9112    i.align_factor_ch   NetworkRuntime801_CM7_Keil.lib(st_convolve_reference.o)
    0x0800c2dc   0x0800c2dc   0x0000003c   Code   RO          480    i.argmax            main.o
    0x0800c318   0x0800c318   0x00000030   Code   RO         9348    i.arm_fill_q15      NetworkRuntime801_CM7_Keil.lib(arm_fill_q15.o)
    0x0800c348   0x0800c348   0x000000f0   Code   RO         9157    i.arm_float_to_q15  NetworkRuntime801_CM7_Keil.lib(arm_float_to_q15.o)
    0x0800c438   0x0800c438   0x000000fc   Code   RO         9149    i.arm_float_to_q7   NetworkRuntime801_CM7_Keil.lib(arm_float_to_q7.o)
    0x0800c534   0x0800c534   0x0000008c   Code   RO         9181    i.arm_q15_to_float  NetworkRuntime801_CM7_Keil.lib(arm_q15_to_float.o)
    0x0800c5c0   0x0800c5c0   0x0000008c   Code   RO         9165    i.arm_q7_to_float   NetworkRuntime801_CM7_Keil.lib(arm_q7_to_float.o)
    0x0800c64c   0x0800c64c   0x0000000a   Code   RO         8945    i.core_array_clone  NetworkRuntime801_CM7_Keil.lib(core_utils.o)
    0x0800c656   0x0800c656   0x00000002   PAD
    0x0800c658   0x0800c658   0x00000148   Code   RO         8946    i.core_compute_offsets  NetworkRuntime801_CM7_Keil.lib(core_utils.o)
    0x0800c7a0   0x0800c7a0   0x0000005c   Code   RO         8947    i.core_compute_offsets_in_bytes  NetworkRuntime801_CM7_Keil.lib(core_utils.o)
    0x0800c7fc   0x0800c7fc   0x00000060   Code   RO         8948    i.core_get_broadcasted_shape  NetworkRuntime801_CM7_Keil.lib(core_utils.o)
    0x0800c85c   0x0800c85c   0x0000000c   Code   RO         8929    i.core_get_error    NetworkRuntime801_CM7_Keil.lib(core_common.o)
    0x0800c868   0x0800c868   0x00000004   Code   RO         8930    i.core_init         NetworkRuntime801_CM7_Keil.lib(core_common.o)
    0x0800c86c   0x0800c86c   0x0000000c   Code   RO         8757    i.core_nl_get_params  NetworkRuntime801_CM7_Keil.lib(layers_dw_sssa8_ch.o)
    0x0800c878   0x0800c878   0x0000000c   Code   RO         8787    i.core_nl_get_params  NetworkRuntime801_CM7_Keil.lib(layers_pw_sssa8_ch.o)
    0x0800c884   0x0800c884   0x0000000c   Code   RO         8815    i.core_nl_get_params  NetworkRuntime801_CM7_Keil.lib(layers_conv2d_sssa8_ch.o)
    0x0800c890   0x0800c890   0x00000012   Code   RO         8758    i.core_nl_get_params_ptr  NetworkRuntime801_CM7_Keil.lib(layers_dw_sssa8_ch.o)
    0x0800c8a2   0x0800c8a2   0x00000012   Code   RO         8788    i.core_nl_get_params_ptr  NetworkRuntime801_CM7_Keil.lib(layers_pw_sssa8_ch.o)
    0x0800c8b4   0x0800c8b4   0x00000012   Code   RO         8816    i.core_nl_get_params_ptr  NetworkRuntime801_CM7_Keil.lib(layers_conv2d_sssa8_ch.o)
    0x0800c8c6   0x0800c8c6   0x0000001a   Code   RO         8931    i.core_set_error    NetworkRuntime801_CM7_Keil.lib(core_common.o)
    0x0800c8e0   0x0800c8e0   0x0000005c   Code   RO         8949    i.core_tensor_clone  NetworkRuntime801_CM7_Keil.lib(core_utils.o)
    0x0800c93c   0x0800c93c   0x00000476   Code   RO         8417    i.forward_concat    NetworkRuntime801_CM7_Keil.lib(layers_generic_float.o)
    0x0800cdb2   0x0800cdb2   0x00000002   PAD
    0x0800cdb4   0x0800cdb4   0x000002cc   Code   RO         8818    i.forward_conv2d_deep_sssa8_ch  NetworkRuntime801_CM7_Keil.lib(layers_conv2d_sssa8_ch.o)
    0x0800d080   0x0800d080   0x0000051e   Code   RO         8819    i.forward_conv2d_deep_sssa8_ch_nl_pool  NetworkRuntime801_CM7_Keil.lib(layers_conv2d_sssa8_ch.o)
    0x0800d59e   0x0800d59e   0x00000002   PAD
    0x0800d5a0   0x0800d5a0   0x00000250   Code   RO         8804    i.forward_conv2d_rgb_sssa8_ch  NetworkRuntime801_CM7_Keil.lib(layers_conv2d_rgb_sssa8_ch.o)
    0x0800d7f0   0x0800d7f0   0x00000284   Code   RO         8822    i.forward_conv2d_sssa8_ch  NetworkRuntime801_CM7_Keil.lib(layers_conv2d_sssa8_ch.o)
    0x0800da74   0x0800da74   0x00000260   Code   RO         8759    i.forward_dw_3x3_sssa8_ch  NetworkRuntime801_CM7_Keil.lib(layers_dw_sssa8_ch.o)
    0x0800dcd4   0x0800dcd4   0x00000364   Code   RO         8738    i.forward_eltwise_integer_INT8  NetworkRuntime801_CM7_Keil.lib(layers_stm32_integer.o)
    0x0800e038   0x0800e038   0x00000114   Code   RO         9038    i.forward_lite_conv2d_deep_sssa8_ch  NetworkRuntime801_CM7_Keil.lib(forward_lite_conv2d_sssa8_ch.o)
    0x0800e14c   0x0800e14c   0x00000336   Code   RO         9040    i.forward_lite_conv2d_rgb_sssa8_ch  NetworkRuntime801_CM7_Keil.lib(forward_lite_conv2d_sssa8_ch.o)
    0x0800e482   0x0800e482   0x00000002   PAD
    0x0800e484   0x0800e484   0x00000624   Code   RO         9041    i.forward_lite_conv2d_sssa8_ch  NetworkRuntime801_CM7_Keil.lib(forward_lite_conv2d_sssa8_ch.o)
    0x0800eaa8   0x0800eaa8   0x0000069c   Code   RO         9014    i.forward_lite_dw_3x3_sssa8_ch  NetworkRuntime801_CM7_Keil.lib(forward_lite_dw_sssa8_ch.o)
    0x0800f144   0x0800f144   0x0000004a   Code   RO         8966    i.forward_lite_node_convert_integer_is8ou8  NetworkRuntime801_CM7_Keil.lib(forward_lite_convert.o)
    0x0800f18e   0x0800f18e   0x00000002   PAD
    0x0800f190   0x0800f190   0x0000005a   Code   RO         8967    i.forward_lite_node_convert_integer_is8ou8_fast  NetworkRuntime801_CM7_Keil.lib(forward_lite_convert.o)
    0x0800f1ea   0x0800f1ea   0x00000002   PAD
    0x0800f1ec   0x0800f1ec   0x00000060   Code   RO         8968    i.forward_lite_node_convert_integer_iu8os8  NetworkRuntime801_CM7_Keil.lib(forward_lite_convert.o)
    0x0800f24c   0x0800f24c   0x00000062   Code   RO         8969    i.forward_lite_node_convert_integer_iu8os8_fast  NetworkRuntime801_CM7_Keil.lib(forward_lite_convert.o)
    0x0800f2ae   0x0800f2ae   0x0000004a   Code   RO         8970    i.forward_lite_node_convert_integer_iu8ou8  NetworkRuntime801_CM7_Keil.lib(forward_lite_convert.o)
    0x0800f2f8   0x0800f2f8   0x000000e2   Code   RO         9029    i.forward_lite_pw_sssa8_ch  NetworkRuntime801_CM7_Keil.lib(forward_lite_pw_sssa8_ch.o)
    0x0800f3da   0x0800f3da   0x000000b0   Code   RO         8709    i.forward_mp_integer_INT8  NetworkRuntime801_CM7_Keil.lib(layers_pool_stm32_integer.o)
    0x0800f48a   0x0800f48a   0x00000352   Code   RO         8424    i.forward_pad       NetworkRuntime801_CM7_Keil.lib(layers_generic_float.o)
    0x0800f7dc   0x0800f7dc   0x0000028c   Code   RO         8789    i.forward_pw_sssa8_ch  NetworkRuntime801_CM7_Keil.lib(layers_pw_sssa8_ch.o)
    0x0800fa68   0x0800fa68   0x00000070   Code   RO         8529    i.forward_sm        NetworkRuntime801_CM7_Keil.lib(layers_nl_generic_float.o)
    0x0800fad8   0x0800fad8   0x0000001c   Code   RO          481    i.fputc             main.o
    0x0800faf4   0x0800faf4   0x00000002   Code   RO         8767    i.func_dummy        NetworkRuntime801_CM7_Keil.lib(layers_dw_sssa8_ch.o)
    0x0800faf6   0x0800faf6   0x00000002   Code   RO         8791    i.func_dummy        NetworkRuntime801_CM7_Keil.lib(layers_pw_sssa8_ch.o)
    0x0800faf8   0x0800faf8   0x00000002   Code   RO         8805    i.func_dummy        NetworkRuntime801_CM7_Keil.lib(layers_conv2d_rgb_sssa8_ch.o)
    0x0800fafa   0x0800fafa   0x00000002   Code   RO         8824    i.func_dummy        NetworkRuntime801_CM7_Keil.lib(layers_conv2d_sssa8_ch.o)
    0x0800fafc   0x0800fafc   0x00000028   Code   RO         8902    i.get_tensor_byte_size  NetworkRuntime801_CM7_Keil.lib(ai_datatypes_internal.o)
    0x0800fb24   0x0800fb24   0x00000050   Code   RO        10251    i.internal_alloc    mc_w.l(mallocr.o)
    0x0800fb74   0x0800fb74   0x00000344   Code   RO          482    i.main              main.o
    0x0800feb8   0x0800feb8   0x0000070c   Code   RO          323    i.network_1_configure_activations  network_1.o
    0x080105c4   0x080105c4   0x000007a0   Code   RO          324    i.network_1_configure_weights  network_1.o
    0x08010d64   0x08010d64   0x000008c0   Code   RO           21    i.network_configure_activations  network.o
    0x08011624   0x08011624   0x00000784   Code   RO           22    i.network_configure_weights  network.o
    0x08011da8   0x08011da8   0x0000003a   Code   RO         8683    i.nl_func_array_integer  NetworkRuntime801_CM7_Keil.lib(layers_nl_stm32_integer.o)
    0x08011de2   0x08011de2   0x00000002   PAD
    0x08011de4   0x08011de4   0x0000013e   Code   RO         8848    i.node_convert      NetworkRuntime801_CM7_Keil.lib(core_convert.o)
    0x08011f22   0x08011f22   0x00000002   PAD
    0x08011f24   0x08011f24   0x000001f8   Code   RO         8851    i.node_convert_integer  NetworkRuntime801_CM7_Keil.lib(core_convert.o)
    0x0801211c   0x0801211c   0x000000ca   Code   RO         6925    i.ov9655_Config     ov9655.o
    0x080121e6   0x080121e6   0x00000002   PAD
    0x080121e8   0x080121e8   0x00000100   Code   RO         6926    i.ov9655_ConvertValue  ov9655.o
    0x080122e8   0x080122e8   0x000000b0   Code   RO         6927    i.ov9655_Init       ov9655.o
    0x08012398   0x08012398   0x00000012   Code   RO         6928    i.ov9655_ReadID     ov9655.o
    0x080123aa   0x080123aa   0x00000002   PAD
    0x080123ac   0x080123ac   0x000000d4   Code   RO         8711    i.pool_func_ap_array_integer_INT8  NetworkRuntime801_CM7_Keil.lib(layers_pool_stm32_integer.o)
    0x08012480   0x08012480   0x000000d4   Code   RO         8713    i.pool_func_mp_array_integer_INT8  NetworkRuntime801_CM7_Keil.lib(layers_pool_stm32_integer.o)
    0x08012554   0x08012554   0x000005d4   Code   RO          483    i.post_process_my   main.o
    0x08012b28   0x08012b28   0x00000058   Code   RO          484    i.prepare_yolo_data  main.o
    0x08012b80   0x08012b80   0x000001d8   Code   RO          485    i.resizeFace        main.o
    0x08012d58   0x08012d58   0x00000030   Code   RO          486    i.sigmoid           main.o
    0x08012d88   0x08012d88   0x00000106   Code   RO         9017    i.st_dw_sssa8_ch_Wadapt  NetworkRuntime801_CM7_Keil.lib(forward_lite_dw_sssa8_ch.o)
    0x08012e8e   0x08012e8e   0x00000002   PAD
    0x08012e90   0x08012e90   0x0000015c   Code   RO         9067    i.st_int8_avepool   NetworkRuntime801_CM7_Keil.lib(st_int8_pool.o)
    0x08012fec   0x08012fec   0x0000014a   Code   RO         9139    i.st_int8_copy      NetworkRuntime801_CM7_Keil.lib(st_int8_fill.o)
    0x08013136   0x08013136   0x00000090   Code   RO         9140    i.st_int8_fill      NetworkRuntime801_CM7_Keil.lib(st_int8_fill.o)
    0x080131c6   0x080131c6   0x00000002   PAD
    0x080131c8   0x080131c8   0x00000298   Code   RO         9070    i.st_int8_maxpool   NetworkRuntime801_CM7_Keil.lib(st_int8_pool.o)
    0x08013460   0x08013460   0x00000250   Code   RO         9332    i.st_int8_to16_dual  NetworkRuntime801_CM7_Keil.lib(st_int8_to16_no_shift.o)
    0x080136b0   0x080136b0   0x000001be   Code   RO         9333    i.st_int8_to16_dual_interleaved  NetworkRuntime801_CM7_Keil.lib(st_int8_to16_no_shift.o)
    0x0801386e   0x0801386e   0x000000ea   Code   RO         9334    i.st_int8_to16_no_shift  NetworkRuntime801_CM7_Keil.lib(st_int8_to16_no_shift.o)
    0x08013958   0x08013958   0x000000a2   Code   RO         9335    i.st_int8_to16_no_shift_interleaved  NetworkRuntime801_CM7_Keil.lib(st_int8_to16_no_shift.o)
    0x080139fa   0x080139fa   0x00000002   PAD
    0x080139fc   0x080139fc   0x000000a8   Code   RO         9281    i.st_sssa8_ch_convolve_rank1upd  NetworkRuntime801_CM7_Keil.lib(st_sssa8_ch_convolve.o)
    0x08013aa4   0x08013aa4   0x00000056   Code   RO         9294    i.st_sssa8_ch_fullW_prefetch  NetworkRuntime801_CM7_Keil.lib(st_sssa8_ch_nn_mat_mult_nt_t.o)
    0x08013afa   0x08013afa   0x00000002   PAD
    0x08013afc   0x08013afc   0x000008dc   Code   RO         9296    i.st_sssa8_ch_nn_mat_mult_conv2d_nt_t  NetworkRuntime801_CM7_Keil.lib(st_sssa8_ch_nn_mat_mult_nt_t.o)
    0x080143d8   0x080143d8   0x0000050e   Code   RO         9312    i.st_sssa8_ch_nn_mat_mult_kernel_opt  NetworkRuntime801_CM7_Keil.lib(st_sssa8_ch_nn_mat_mult_kernel_opt.o)
    0x080148e6   0x080148e6   0x00000002   PAD
    0x080148e8   0x080148e8   0x0000037e   Code   RO         9313    i.st_sssa8_ch_nn_mat_mult_kernel_single_opt  NetworkRuntime801_CM7_Keil.lib(st_sssa8_ch_nn_mat_mult_kernel_opt.o)
    0x08014c66   0x08014c66   0x0000074c   Code   RO         9297    i.st_sssa8_ch_nn_mat_mult_nt_t  NetworkRuntime801_CM7_Keil.lib(st_sssa8_ch_nn_mat_mult_nt_t.o)
    0x080153b2   0x080153b2   0x00000002   PAD
    0x080153b4   0x080153b4   0x00000190   Code   RO         9298    i.weights_2channels_prefetch  NetworkRuntime801_CM7_Keil.lib(st_sssa8_ch_nn_mat_mult_nt_t.o)
    0x08015544   0x08015544   0x0000008a   Code   RO         9299    i.weights_offset_contribution_calc  NetworkRuntime801_CM7_Keil.lib(st_sssa8_ch_nn_mat_mult_nt_t.o)
    0x080155ce   0x080155ce   0x00000002   PAD
    0x080155d0   0x080155d0   0x00002688   Data   RO           24    .constdata          network.o
    0x08017c58   0x08017c58   0x00000068   Data   RO          249    .constdata          network_data.o
    0x08017cc0   0x08017cc0   0x00002c28   Data   RO          296    .constdata          network_data_params.o
    0x0801a8e8   0x0801a8e8   0x00001df0   Data   RO          326    .constdata          network_1.o
    0x0801c6d8   0x0801c6d8   0x00000068   Data   RO          417    .constdata          network_1_data.o
    0x0801c740   0x0801c740   0x0000e9f0   Data   RO          455    .constdata          network_1_data_params.o
    0x0802b130   0x0802b130   0x00000008   Data   RO          488    .constdata          main.o
    0x0802b138   0x0802b138   0x00000008   Data   RO         2304    .constdata          stm32f7xx_hal_dma.o
    0x0802b140   0x0802b140   0x00000018   Data   RO         6893    .constdata          system_stm32f7xx.o
    0x0802b158   0x0802b158   0x0000037e   Data   RO         6929    .constdata          ov9655.o
    0x0802b4d6   0x0802b4d6   0x00003cdc   Data   RO         7419    .constdata          stm32746g_discovery_lcd.o
    0x0802f1b2   0x0802f1b2   0x00000002   PAD
    0x0802f1b4   0x0802f1b4   0x0000006c   Data   RO         7925    .constdata          NetworkRuntime801_CM7_Keil.lib(ai_platform_interface.o)
    0x0802f220   0x0802f220   0x00000150   Data   RO         8740    .constdata          NetworkRuntime801_CM7_Keil.lib(layers_stm32_integer.o)
    0x0802f370   0x0802f370   0x000000b4   Data   RO         8825    .constdata          NetworkRuntime801_CM7_Keil.lib(layers_conv2d_sssa8_ch.o)
    0x0802f424   0x0802f424   0x0000001c   Data   RO         8953    .constdata          NetworkRuntime801_CM7_Keil.lib(core_utils.o)
    0x0802f440   0x0802f440   0x00000030   Data   RO         9842    .constdata          m_wm.l(expf.o)
    0x0802f470   0x0802f470   0x00000140   Data   RO         9894    .constdata          m_wm.l(powf.o)
    0x0802f5b0   0x0802f5b0   0x00000061   Data   RO           25    .conststring        network.o
    0x0802f611   0x0802f611   0x00000003   PAD
    0x0802f614   0x0802f614   0x00000049   Data   RO          327    .conststring        network_1.o
    0x0802f65d   0x0802f65d   0x00000003   PAD
    0x0802f660   0x0802f660   0x00000036   Data   RO          489    .conststring        main.o
    0x0802f696   0x0802f696   0x00000002   PAD
    0x0802f698   0x0802f698   0x00000020   Data   RO        10372    Region$$Table       anon$$obj.o


    Execution Region RW_IRAM1 (Exec base: 0x20000000, Load base: 0x0802f6b8, Size: 0x0004b548, Max: 0x00050000, ABSOLUTE, COMPRESSED[0x000025b8])

    Exec Addr    Load Addr    Size         Type   Attr      Idx    E Section Name        Object

    0x20000000   COMPRESSED   0x00003c24   Data   RW           26    .data               network.o
    0x20003c24   COMPRESSED   0x00000058   Data   RW          250    .data               network_data.o
    0x20003c7c   COMPRESSED   0x00003860   Data   RW          328    .data               network_1.o
    0x200074dc   COMPRESSED   0x00000058   Data   RW          418    .data               network_1_data.o
    0x20007534   COMPRESSED   0x00000058   Data   RW          490    .data               main.o
    0x2000758c   COMPRESSED   0x00000008   Data   RW         1055    .data               fmc.o
    0x20007594   COMPRESSED   0x00000009   Data   RW         2821    .data               stm32f7xx_hal.o
    0x2000759d   COMPRESSED   0x00000003   PAD
    0x200075a0   COMPRESSED   0x00000004   Data   RW         6894    .data               system_stm32f7xx.o
    0x200075a4   COMPRESSED   0x0000000c   Data   RW         6930    .data               ov9655.o
    0x200075b0   COMPRESSED   0x0000000c   Data   RW         7215    .data               stm32746g_discovery_camera.o
    0x200075bc   COMPRESSED   0x0000002c   Data   RW         7420    .data               stm32746g_discovery_lcd.o
    0x200075e8   COMPRESSED   0x00000002   Data   RW         7765    .data               stm32746g_discovery_sdram.o
    0x200075ea   COMPRESSED   0x00000002   PAD
    0x200075ec   COMPRESSED   0x00000004   Data   RW        10335    .data               mc_w.l(stdout.o)
    0x200075f0   COMPRESSED   0x00000004   Data   RW        10344    .data               mc_w.l(mvars.o)
    0x200075f4   COMPRESSED   0x00000004   Data   RW        10345    .data               mc_w.l(mvars.o)
    0x200075f8   COMPRESSED   0x00000004   Data   RW        10349    .data               mc_w.l(errno.o)
    0x200075fc        -       0x000001c8   Zero   RW           23    .bss                network.o
    0x200077c4        -       0x000001d8   Zero   RW          325    .bss                network_1.o
    0x2000799c        -       0x0002f1c0   Zero   RW          487    .bss                main.o
    0x20036b5c        -       0x00000048   Zero   RW          860    .bss                adc.o
    0x20036ba4        -       0x00000024   Zero   RW          902    .bss                crc.o
    0x20036bc8        -       0x000000b0   Zero   RW          944    .bss                dcmi.o
    0x20036c78        -       0x00000040   Zero   RW         1010    .bss                dma2d.o
    0x20036cb8        -       0x00000034   Zero   RW         1054    .bss                fmc.o
    0x20036cec        -       0x000000a8   Zero   RW         1106    .bss                i2c.o
    0x20036d94        -       0x000000a8   Zero   RW         1153    .bss                ltdc.o
    0x20036e3c        -       0x00000020   Zero   RW         1195    .bss                rtc.o
    0x20036e5c        -       0x00000064   Zero   RW         1237    .bss                spi.o
    0x20036ec0        -       0x00000130   Zero   RW         1283    .bss                tim.o
    0x20036ff0        -       0x00000110   Zero   RW         1346    .bss                usart.o
    0x20037100        -       0x0000004c   Zero   RW         1523    .bss                stm32f7xx_hal_timebase_tim.o
    0x2003714c        -       0x000000a8   Zero   RW         7001    .bss                stm32746g_discovery.o
    0x200371f4        -       0x000000b0   Zero   RW         7214    .bss                stm32746g_discovery_camera.o
    0x200372a4        -       0x00000184   Zero   RW         7418    .bss                stm32746g_discovery_lcd.o
    0x20037428        -       0x00000120   Zero   RW         7764    .bss                stm32746g_discovery_sdram.o
    0x20037548        -       0x00012000   Zero   RW            2    HEAP                startup_stm32f746xx.o
    0x20049548        -       0x00002000   Zero   RW            1    STACK               startup_stm32f746xx.o



  Load Region LR$$.ARM.__AT_0xC0000000 (Base: 0xc0000000, Size: 0x00000000, Max: 0x00025800, ABSOLUTE)

    Execution Region ER$$.ARM.__AT_0xC0000000 (Exec base: 0xc0000000, Load base: 0xc0000000, Size: 0x00025800, Max: 0x00025800, ABSOLUTE, UNINIT)

    Exec Addr    Load Addr    Size         Type   Attr      Idx    E Section Name        Object

    0xc0000000        -       0x00025800   Zero   RW         3703    .ARM.__AT_0xC0000000  stm32f7xx_hal_dcmi.o



  Load Region LR$$.ARM.__AT_0xC0200000 (Base: 0xc0200000, Size: 0x00000000, Max: 0x00001880, ABSOLUTE)

    Execution Region ER$$.ARM.__AT_0xC0200000 (Exec base: 0xc0200000, Load base: 0xc0200000, Size: 0x00001880, Max: 0x00001880, ABSOLUTE, UNINIT)

    Exec Addr    Load Addr    Size         Type   Attr      Idx    E Section Name        Object

    0xc0200000        -       0x00001880   Zero   RW         3704    .ARM.__AT_0xC0200000  stm32f7xx_hal_dcmi.o


==============================================================================

Image component sizes


      Code (inc. data)   RO Data    RW Data    ZI Data      Debug   Object Name

       284         30          0          0         72       1845   adc.o
       100         18          0          0         36       1583   crc.o
       528         44          0          0        176       2100   dcmi.o
        52          4          0          0          0        798   dma.o
       112         18          0          0         64       1617   dma2d.o
       394         42          0          8         52       2468   fmc.o
      1212         62          0          0          0       1895   gpio.o
       564         68          0          0        168       3114   i2c.o
       620         36          0          0        168       2222   ltdc.o
      4046        676         62         88     192960     973408   main.o
      4488        566       9961      15396        456      79580   network.o
      4080        518       7737      14432        472      22534   network_1.o
        48          6        104         88          0       1515   network_1_data.o
         0          0      59888          0          0        812   network_1_data_params.o
        48          6        104         88          0      15169   network_data.o
         0          0      11304          0          0      14526   network_data_params.o
       652         46        894         12          0       5627   ov9655.o
       220         18          0          0         32       1783   rtc.o
       260         24          0          0        100       1809   spi.o
        36          8        456          0      81920        856   startup_stm32f746xx.o
       676         48          0          0        168       8181   stm32746g_discovery.o
       800         66          0         12        176      10088   stm32746g_discovery_camera.o
      2308        206      15580         44        388      21040   stm32746g_discovery_lcd.o
       748         66          0          2        288       4616   stm32746g_discovery_sdram.o
        98         18          0          9          0       8494   stm32f7xx_hal.o
       972         38          0          0          0       2787   stm32f7xx_hal_adc.o
       252         22          0          0          0      38754   stm32f7xx_hal_cortex.o
       132          4          0          0          0       1163   stm32f7xx_hal_crc.o
       102          0          0          0          0       1251   stm32f7xx_hal_crc_ex.o
      1206         26          0          0     159872       7059   stm32f7xx_hal_dcmi.o
      1386         16          8          0          0       7147   stm32f7xx_hal_dma.o
       966          6          0          0          0       5227   stm32f7xx_hal_dma2d.o
      4086         34          0          0          0       5005   stm32f7xx_hal_dma_ex.o
       924        100          0          0          0       3118   stm32f7xx_hal_gpio.o
      2006         34          0          0          0      13266   stm32f7xx_hal_i2c.o
       210          0          0          0          0       2007   stm32f7xx_hal_i2c_ex.o
      1252          6          0          0          0       7102   stm32f7xx_hal_ltdc.o
        64          4          0          0          0        886   stm32f7xx_hal_msp.o
        20          6          0          0          0        567   stm32f7xx_hal_pwr.o
       144          8          0          0          0       1312   stm32f7xx_hal_pwr_ex.o
      2008         86          0          0          0       6397   stm32f7xx_hal_rcc.o
      1764         18          0          0          0       2236   stm32f7xx_hal_rcc_ex.o
       812         14          0          0          0       5956   stm32f7xx_hal_rtc.o
       154          0          0          0          0       1309   stm32f7xx_hal_rtc_ex.o
       196          0          0          0          0       2868   stm32f7xx_hal_sdram.o
       252          0          0          0          0       1307   stm32f7xx_hal_spi.o
      2444        162          0          0          0      16796   stm32f7xx_hal_tim.o
       390         38          0          0          0       4104   stm32f7xx_hal_tim_ex.o
       176         20          0          0         76       1519   stm32f7xx_hal_timebase_tim.o
      1702         66          0          0          0       6353   stm32f7xx_hal_uart.o
       108         30          0          0          0       6947   stm32f7xx_it.o
       314          4          0          0          0       4272   stm32f7xx_ll_fmc.o
        20          6         24          4          0       1187   system_stm32f7xx.o
      1200         76          0          0        304       5143   tim.o
       464         40          0          0        272       2587   usart.o

    ----------------------------------------------------------------------
     48156       3458     106164      30188     438220    1353312   Object Totals
         0          0         32          0          0          0   (incl. Generated)
        56          0         10          5          0          0   (incl. Padding)

    ----------------------------------------------------------------------

      Code (inc. data)   RO Data    RW Data    ZI Data      Debug   Library Member Name

       390         54          0          0          0        368   ai_datatypes_format.o
        52          6          0          0          0        244   ai_datatypes_internal.o
      1358          6          0          0          0        256   ai_math_helpers.o
       158          8          0          0          0        368   ai_platform.o
      2750        110        108          0          0       3396   ai_platform_interface.o
        48          0          0          0          0        128   arm_fill_q15.o
       240          4          0          0          0        124   arm_float_to_q15.o
       252          4          0          0          0        124   arm_float_to_q7.o
       140          4          0          0          0        124   arm_q15_to_float.o
       140          4          0          0          0        124   arm_q7_to_float.o
        42          0          0          0          0        348   core_common.o
      1216         22          0          0          0        696   core_convert.o
       618          6         28          0          0        652   core_utils.o
      2708          0          0          0          0        560   forward_lite_conv2d_sssa8_ch.o
       432          6          0          0          0        612   forward_lite_convert.o
      1954          0          0          0          0        288   forward_lite_dw_sssa8_ch.o
       226          0          0          0          0        144   forward_lite_pw_sssa8_ch.o
       226          6          0          0          0        628   layers.o
       594         10          0          0          0        276   layers_conv2d_rgb_sssa8_ch.o
      2728         32        180          0          0        932   layers_conv2d_sssa8_ch.o
       666          8          0          0          0        624   layers_dw_sssa8_ch.o
      1992          8          0          0          0        356   layers_generic_float.o
       302          6          0          0          0        400   layers_nl_generic_float.o
        58          0          0          0          0        128   layers_nl_stm32_integer.o
       600         12          0          0          0        432   layers_pool_stm32_integer.o
       684         10          0          0          0        508   layers_pw_sssa8_ch.o
       970         14        336          0          0        504   layers_stm32_integer.o
       200          8          0          0          0        156   st_convolve_reference.o
       474          0          0          0          0        268   st_int8_fill.o
      1012         10          0          0          0        300   st_int8_pool.o
      1434          0          0          0          0        556   st_int8_to16_no_shift.o
       222          0          0          0          0        248   st_padding_opt.o
       168          0          0          0          0        140   st_sssa8_ch_convolve.o
      2188          0          0          0          0        296   st_sssa8_ch_nn_mat_mult_kernel_opt.o
      4760          0          0          0          0        716   st_sssa8_ch_nn_mat_mult_nt_t.o
       488         62         48          0          0        236   expf.o
       280         28          0          0          0        156   floor.o
        38          0          0          0          0        116   fpclassifyf.o
        80         24          0          0          0        696   funder.o
      1636        110        320          0          0        372   powf.o
        86          0          0          0          0          0   __dczerorl2.o
         0          0          0          0          0          0   entry.o
         0          0          0          0          0          0   entry10a.o
         0          0          0          0          0          0   entry11a.o
         4          0          0          0          0          0   entry12b.o
         8          4          0          0          0          0   entry2.o
         4          0          0          0          0          0   entry5.o
         0          0          0          0          0          0   entry7b.o
         0          0          0          0          0          0   entry8b.o
         8          4          0          0          0          0   entry9a.o
        12          6          0          4          0         68   errno.o
        30          0          0          0          0          0   handlers.o
        36          8          0          0          0         68   init.o
         0          0          0          0          0          0   iusefp.o
        30          0          0          0          0         68   llshl.o
        36          0          0          0          0         68   llsshr.o
        32          0          0          0          0         68   llushr.o
       252         24          0          0          0        252   mallocr.o
        26          0          0          0          0         80   memcmp.o
        36          0          0          0          0         68   memcpya.o
        36          0          0          0          0        108   memseta.o
         0          0          0          8          0          0   mvars.o
      2218         90          0          0          0        464   printfa.o
         0          0          0          4          0          0   stdout.o
        44          0          0          0          0         80   uidiv.o
        98          0          0          0          0         92   uldiv.o
        48          0          0          0          0         68   cdrcmple.o
       334          0          0          0          0        148   dadd.o
       222          0          0          0          0        100   ddiv.o
       186          0          0          0          0        176   depilogue.o
        62          0          0          0          0         80   dfixi.o
        50          0          0          0          0         76   dfixui.o
        48          0          0          0          0         68   dfixul.o
        34          0          0          0          0         76   dflti.o
       228          0          0          0          0         96   dmul.o
        38          0          0          0          0         68   f2d.o
        66          0          0          0          0         76   ffixl.o
         4          0          0          0          0         68   fpstat.o

    ----------------------------------------------------------------------
     38892        718       1020         16          0      20184   Library Totals
        52          0          0          0          0          0   (incl. Padding)

    ----------------------------------------------------------------------

      Code (inc. data)   RO Data    RW Data    ZI Data      Debug   Library Name

     32002        358        652          0          0      16024   NetworkRuntime801_CM7_Keil.lib
      2522        224        368          0          0       1576   m_wm.l
      2996        136          0         16          0       1484   mc_w.l
      1320          0          0          0          0       1100   mf_w.l

    ----------------------------------------------------------------------
     38892        718       1020         16          0      20184   Library Totals

    ----------------------------------------------------------------------

==============================================================================


      Code (inc. data)   RO Data    RW Data    ZI Data      Debug   

     87048       4176     107184      30204     438220    1335428   Grand Totals
     87048       4176     107184       9656     438220    1335428   ELF Image Totals (compressed)
     87048       4176     107184       9656          0          0   ROM Totals

==============================================================================

    Total RO  Size (Code + RO Data)               194232 ( 189.68kB)
    Total RW  Size (RW Data + ZI Data)            468424 ( 457.45kB)
    Total ROM Size (Code + RO Data + RW Data)     203888 ( 199.11kB)

==============================================================================

